Archive member included to satisfy reference by file (symbol)

c:/progra~2/gnuarm~1/102021~1.10/bin/../lib/gcc/arm-none-eabi/10.3.1/thumb/v6-m/nofp\libgcc.a(_dvmd_tls.o)
                              CMakeFiles/lcd_i2c_project.dir/C_/Users/thanh/pico/pico-sdk/src/rp2_common/pico_divider/divider_hardware.S.obj (__aeabi_idiv0)
c:/progra~2/gnuarm~1/102021~1.10/bin/../lib/gcc/arm-none-eabi/10.3.1/../../../../arm-none-eabi/lib/thumb/v6-m/nofp\libg.a(lib_a-calloc.o)
                              CMakeFiles/lcd_i2c_project.dir/C_/Users/thanh/pico/pico-sdk/src/rp2_common/pico_malloc/malloc.c.obj (calloc)
c:/progra~2/gnuarm~1/102021~1.10/bin/../lib/gcc/arm-none-eabi/10.3.1/../../../../arm-none-eabi/lib/thumb/v6-m/nofp\libg.a(lib_a-callocr.o)
                              c:/progra~2/gnuarm~1/102021~1.10/bin/../lib/gcc/arm-none-eabi/10.3.1/../../../../arm-none-eabi/lib/thumb/v6-m/nofp\libg.a(lib_a-calloc.o) (_calloc_r)
c:/progra~2/gnuarm~1/102021~1.10/bin/../lib/gcc/arm-none-eabi/10.3.1/../../../../arm-none-eabi/lib/thumb/v6-m/nofp\libg.a(lib_a-errno.o)
                              c:/progra~2/gnuarm~1/102021~1.10/bin/../lib/gcc/arm-none-eabi/10.3.1/../../../../arm-none-eabi/lib/thumb/v6-m/nofp\libg.a(lib_a-callocr.o) (__errno)
c:/progra~2/gnuarm~1/102021~1.10/bin/../lib/gcc/arm-none-eabi/10.3.1/../../../../arm-none-eabi/lib/thumb/v6-m/nofp\libg.a(lib_a-impure.o)
                              c:/progra~2/gnuarm~1/102021~1.10/bin/../lib/gcc/arm-none-eabi/10.3.1/../../../../arm-none-eabi/lib/thumb/v6-m/nofp\libg.a(lib_a-calloc.o) (_impure_ptr)
c:/progra~2/gnuarm~1/102021~1.10/bin/../lib/gcc/arm-none-eabi/10.3.1/../../../../arm-none-eabi/lib/thumb/v6-m/nofp\libg.a(lib_a-init.o)
                              c:/progra~2/gnuarm~1/102021~1.10/bin/../lib/gcc/arm-none-eabi/10.3.1/../../../../arm-none-eabi/lib/thumb/v6-m/nofp/crt0.o (__libc_init_array)
c:/progra~2/gnuarm~1/102021~1.10/bin/../lib/gcc/arm-none-eabi/10.3.1/../../../../arm-none-eabi/lib/thumb/v6-m/nofp\libg.a(lib_a-lcltime_r.o)
                              CMakeFiles/lcd_i2c_project.dir/C_/Users/thanh/pico/pico-sdk/src/common/pico_util/datetime.c.obj (localtime_r)
c:/progra~2/gnuarm~1/102021~1.10/bin/../lib/gcc/arm-none-eabi/10.3.1/../../../../arm-none-eabi/lib/thumb/v6-m/nofp\libg.a(lib_a-malloc.o)
                              CMakeFiles/lcd_i2c_project.dir/C_/Users/thanh/pico/pico-sdk/src/rp2_common/pico_malloc/malloc.c.obj (malloc)
c:/progra~2/gnuarm~1/102021~1.10/bin/../lib/gcc/arm-none-eabi/10.3.1/../../../../arm-none-eabi/lib/thumb/v6-m/nofp\libg.a(lib_a-mallocr.o)
                              c:/progra~2/gnuarm~1/102021~1.10/bin/../lib/gcc/arm-none-eabi/10.3.1/../../../../arm-none-eabi/lib/thumb/v6-m/nofp\libg.a(lib_a-callocr.o) (_malloc_r)
c:/progra~2/gnuarm~1/102021~1.10/bin/../lib/gcc/arm-none-eabi/10.3.1/../../../../arm-none-eabi/lib/thumb/v6-m/nofp\libg.a(lib_a-memcmp.o)
                              CMakeFiles/lcd_i2c_project.dir/C_/Users/thanh/pico/pico-sdk/src/rp2_common/pico_atomic/atomic.c.obj (memcmp)
c:/progra~2/gnuarm~1/102021~1.10/bin/../lib/gcc/arm-none-eabi/10.3.1/../../../../arm-none-eabi/lib/thumb/v6-m/nofp\libg.a(lib_a-mktime.o)
                              CMakeFiles/lcd_i2c_project.dir/C_/Users/thanh/pico/pico-sdk/src/common/pico_util/datetime.c.obj (mktime)
c:/progra~2/gnuarm~1/102021~1.10/bin/../lib/gcc/arm-none-eabi/10.3.1/../../../../arm-none-eabi/lib/thumb/v6-m/nofp\libg.a(lib_a-mlock.o)
                              c:/progra~2/gnuarm~1/102021~1.10/bin/../lib/gcc/arm-none-eabi/10.3.1/../../../../arm-none-eabi/lib/thumb/v6-m/nofp\libg.a(lib_a-mallocr.o) (__malloc_lock)
c:/progra~2/gnuarm~1/102021~1.10/bin/../lib/gcc/arm-none-eabi/10.3.1/../../../../arm-none-eabi/lib/thumb/v6-m/nofp\libg.a(lib_a-month_lengths.o)
                              c:/progra~2/gnuarm~1/102021~1.10/bin/../lib/gcc/arm-none-eabi/10.3.1/../../../../arm-none-eabi/lib/thumb/v6-m/nofp\libg.a(lib_a-lcltime_r.o) (__month_lengths)
c:/progra~2/gnuarm~1/102021~1.10/bin/../lib/gcc/arm-none-eabi/10.3.1/../../../../arm-none-eabi/lib/thumb/v6-m/nofp\libg.a(lib_a-realloc.o)
                              CMakeFiles/lcd_i2c_project.dir/C_/Users/thanh/pico/pico-sdk/src/rp2_common/pico_malloc/malloc.c.obj (realloc)
c:/progra~2/gnuarm~1/102021~1.10/bin/../lib/gcc/arm-none-eabi/10.3.1/../../../../arm-none-eabi/lib/thumb/v6-m/nofp\libg.a(lib_a-reallocr.o)
                              c:/progra~2/gnuarm~1/102021~1.10/bin/../lib/gcc/arm-none-eabi/10.3.1/../../../../arm-none-eabi/lib/thumb/v6-m/nofp\libg.a(lib_a-realloc.o) (_realloc_r)
c:/progra~2/gnuarm~1/102021~1.10/bin/../lib/gcc/arm-none-eabi/10.3.1/../../../../arm-none-eabi/lib/thumb/v6-m/nofp\libg.a(lib_a-sbrkr.o)
                              c:/progra~2/gnuarm~1/102021~1.10/bin/../lib/gcc/arm-none-eabi/10.3.1/../../../../arm-none-eabi/lib/thumb/v6-m/nofp\libg.a(lib_a-mallocr.o) (_sbrk_r)
[...]
Memory Configuration

Name             Origin             Length             Attributes
FLASH            0x10000000         0x00200000         xr
RAM              0x20000000         0x00040000         xrw
SCRATCH_X        0x20040000         0x00001000         xrw
SCRATCH_Y        0x20041000         0x00001000         xrw
*default*        0x00000000         0xffffffff

Linker script and memory map

LOAD c:/progra~2/gnuarm~1/102021~1.10/bin/../lib/gcc/arm-none-eabi/10.3.1/thumb/v6-m/nofp/crti.o
LOAD c:/progra~2/gnuarm~1/102021~1.10/bin/../lib/gcc/arm-none-eabi/10.3.1/thumb/v6-m/nofp/crtbegin.o
LOAD c:/progra~2/gnuarm~1/102021~1.10/bin/../lib/gcc/arm-none-eabi/10.3.1/../../../../arm-none-eabi/lib/thumb/v6-m/nofp/crt0.o

.flash_begin    0x10000000        0x0
                0x10000000                __flash_binary_start = .

.boot2          0x10000000      0x100
                0x10000000                __boot2_start__ = .
 *(.boot2)
 .boot2         0x10000000      0x100 pico-sdk/src/rp2040/boot_stage2/CMakeFiles/bs2_default_library.dir/./bs2_default_padded_checksummed.S.obj
                0x10000100                __boot2_end__ = .
                0x00000001                ASSERT (((__boot2_end__ - __boot2_start__) == 0x100), ERROR: Pico second stage bootloader must be 256 bytes in size)

.text           0x10000100     0x4928
                0x10000100                __logical_binary_start = .
 *(.vectors)
 .vectors       0x10000100       0xd4 CMakeFiles/lcd_i2c_project.dir/C_/Users/thanh/pico/pico-sdk/src/rp2_common/pico_crt0/crt0.S.obj
                0x10000100                __VECTOR_TABLE
                0x10000100                __vectors
                0x100001c0                isr_invalid
                0x100001c0                __default_isrs_start
                0x100001c2                isr_nmi
                0x100001c4                isr_hardfault
                0x100001c6                isr_svcall
                0x100001c8                isr_pendsv
                0x100001ca                isr_systick
                0x100001cc                isr_irq23
                0x100001cc                isr_irq18
                0x100001cc                isr_irq11
                0x100001cc                isr_irq28
                0x100001cc                isr_irq19
                0x100001cc                isr_irq0
                0x100001cc                isr_irq6
                0x100001cc                isr_irq5
                0x100001cc                isr_irq12
                0x100001cc                isr_irq22
                0x100001cc                isr_irq31
                0x100001cc                isr_irq17
                0x100001cc                isr_irq27
                0x100001cc                isr_irq30
                0x100001cc                isr_irq2
                0x100001cc                isr_irq10
                0x100001cc                isr_irq8
                0x100001cc                isr_irq24
                0x100001cc                isr_irq1
                0x100001cc                isr_irq7
                0x100001cc                isr_irq21
                0x100001cc                isr_irq20
                0x100001cc                isr_irq15
                0x100001cc                isr_irq25
                0x100001cc                isr_irq13
                0x100001cc                __unhandled_user_irq
                0x100001cc                isr_irq4
                0x100001cc                isr_irq16
                0x100001cc                isr_irq29
                0x100001cc                isr_irq26
                0x100001cc                __default_isrs_end
                0x100001cc                isr_irq3
                0x100001cc                isr_irq14
                0x100001cc                isr_irq9
                0x100001d2                unhandled_user_irq_num_in_r0
 *(.binary_info_header)
 .binary_info_header
                0x100001d4       0x14 CMakeFiles/lcd_i2c_project.dir/C_/Users/thanh/pico/pico-sdk/src/rp2_common/pico_crt0/crt0.S.obj
                0x100001e8                __binary_info_header_end = .
 *(.embedded_block)
                0x100001e8                __embedded_block_end = .
 *(.reset)
 .reset         0x100001e8       0x9c CMakeFiles/lcd_i2c_project.dir/C_/Users/thanh/pico/pico-sdk/src/rp2_common/pico_crt0/crt0.S.obj
                0x100001e8                _entry_point
 *(.init)
 .init          0x10000284        0x4 c:/progra~2/gnuarm~1/102021~1.10/bin/../lib/gcc/arm-none-eabi/10.3.1/thumb/v6-m/nofp/crti.o
                0x10000284                _init
 *(EXCLUDE_FILE(*libm.a: *libc.a:*lib_a-mem*.o *libgcc.a:) .text*)
 .text          0x10000288       0x48 c:/progra~2/gnuarm~1/102021~1.10/bin/../lib/gcc/arm-none-eabi/10.3.1/thumb/v6-m/nofp/crtbegin.o
 .text.gpio_callback
                0x100002d0       0x4c CMakeFiles/lcd_i2c_project.dir/main.c.obj
                0x100002d0                gpio_callback
 .text.wait_for_level
                0x1000031c       0x4c CMakeFiles/lcd_i2c_project.dir/main.c.obj
                0x1000031c                wait_for_level
 .text.init_ultrasonic
                0x10000368       0x2c CMakeFiles/lcd_i2c_project.dir/main.c.obj
                0x10000368                init_ultrasonic
 .text.read_distance_cm
                0x10000394       0x6c CMakeFiles/lcd_i2c_project.dir/main.c.obj
                0x10000394                read_distance_cm
 .text.show_lcd
                0x10000400       0x7c CMakeFiles/lcd_i2c_project.dir/main.c.obj
                0x10000400                show_lcd
 .text.check_alarm
                0x1000047c       0x44 CMakeFiles/lcd_i2c_project.dir/main.c.obj
                0x1000047c                check_alarm
 .text.main     0x100004c0      0x110 CMakeFiles/lcd_i2c_project.dir/main.c.obj
                0x100004c0                main
 .text.lcd_toggle_enable
                0x100005d0       0x70 CMakeFiles/lcd_i2c_project.dir/lib/lcd_i2c.c.obj
 .text.lcd_byte
                0x10000640       0x70 CMakeFiles/lcd_i2c_project.dir/lib/lcd_i2c.c.obj
 .text.lcd_init
                0x100006b0       0x50 CMakeFiles/lcd_i2c_project.dir/lib/lcd_i2c.c.obj
                0x100006b0                lcd_init
 .text.lcd_clear
                0x10000700       0x12 CMakeFiles/lcd_i2c_project.dir/lib/lcd_i2c.c.obj
                0x10000700                lcd_clear
 *fill*         0x10000712        0x2 
 .text.lcd_set_cursor
                0x10000714       0x2c CMakeFiles/lcd_i2c_project.dir/lib/lcd_i2c.c.obj
                0x10000714                lcd_set_cursor
 .text.lcd_string
                0x10000740       0x16 CMakeFiles/lcd_i2c_project.dir/lib/lcd_i2c.c.obj
                0x10000740                lcd_string
 *fill*         0x10000756        0x2 
 .text.gpio_set_function
                0x10000758       0x34 CMakeFiles/lcd_i2c_project.dir/C_/Users/thanh/pico/pico-sdk/src/rp2_common/hardware_gpio/gpio.c.obj
                0x10000758                gpio_set_function
 .text.gpio_set_pulls
                0x1000078c       0x38 CMakeFiles/lcd_i2c_project.dir/C_/Users/thanh/pico/pico-sdk/src/rp2_common/hardware_gpio/gpio.c.obj
                0x1000078c                gpio_set_pulls
 .text.gpio_set_irq_callback
                0x100007c4       0x48 CMakeFiles/lcd_i2c_project.dir/C_/Users/thanh/pico/pico-sdk/src/rp2_common/hardware_gpio/gpio.c.obj
                0x100007c4                gpio_set_irq_callback
 .text.gpio_acknowledge_irq
                0x1000080c       0x18 CMakeFiles/lcd_i2c_project.dir/C_/Users/thanh/pico/pico-sdk/src/rp2_common/hardware_gpio/gpio.c.obj
                0x1000080c                gpio_acknowledge_irq
 .text._gpio_set_irq_enabled
                0x10000824       0x38 CMakeFiles/lcd_i2c_project.dir/C_/Users/thanh/pico/pico-sdk/src/rp2_common/hardware_gpio/gpio.c.obj
 .text.gpio_set_irq_enabled
                0x1000085c       0x50 CMakeFiles/lcd_i2c_project.dir/C_/Users/thanh/pico/pico-sdk/src/rp2_common/hardware_gpio/gpio.c.obj
                0x1000085c                gpio_set_irq_enabled
 .text.gpio_set_irq_enabled_with_callback
                0x100008ac       0x28 CMakeFiles/lcd_i2c_project.dir/C_/Users/thanh/pico/pico-sdk/src/rp2_common/hardware_gpio/gpio.c.obj
                0x100008ac                gpio_set_irq_enabled_with_callback
 .text.gpio_default_irq_handler
                0x100008d4       0xa0 CMakeFiles/lcd_i2c_project.dir/C_/Users/thanh/pico/pico-sdk/src/rp2_common/hardware_gpio/gpio.c.obj
 .text.panic    0x10000974       0x30 CMakeFiles/lcd_i2c_project.dir/C_/Users/thanh/pico/pico-sdk/src/rp2_common/pico_platform_panic/panic.c.obj
                0x10000974                panic
 .text.hw_claim_lock
                0x100009a4       0x18 CMakeFiles/lcd_i2c_project.dir/C_/Users/thanh/pico/pico-sdk/src/common/hardware_claim/claim.c.obj
                0x100009a4                hw_claim_lock
 .text.hw_claim_unlock
                0x100009bc       0x14 CMakeFiles/lcd_i2c_project.dir/C_/Users/thanh/pico/pico-sdk/src/common/hardware_claim/claim.c.obj
                0x100009bc                hw_claim_unlock
 .text.hw_claim_or_assert
                0x100009d0       0x32 CMakeFiles/lcd_i2c_project.dir/C_/Users/thanh/pico/pico-sdk/src/common/hardware_claim/claim.c.obj
                0x100009d0                hw_claim_or_assert
 *fill*         0x10000a02        0x2 
 .text.next_striped_spin_lock_num
                0x10000a04       0x1c CMakeFiles/lcd_i2c_project.dir/C_/Users/thanh/pico/pico-sdk/src/rp2_common/hardware_sync/sync.c.obj
                0x10000a04                next_striped_spin_lock_num
 .text.spin_locks_reset
                0x10000a20       0x20 CMakeFiles/lcd_i2c_project.dir/C_/Users/thanh/pico/pico-sdk/src/rp2_common/hardware_sync_spin_lock/sync_spin_lock.c.obj
                0x10000a20                spin_locks_reset
 .text.set_raw_irq_handler_and_unlock
                0x10000a40       0x28 CMakeFiles/lcd_i2c_project.dir/C_/Users/thanh/pico/pico-sdk/src/rp2_common/hardware_irq/irq.c.obj
 .text.nvic_ipr0
                0x10000a68        0x8 CMakeFiles/lcd_i2c_project.dir/C_/Users/thanh/pico/pico-sdk/src/rp2_common/hardware_irq/irq.c.obj
 .text.runtime_init_per_core_irq_priorities
                0x10000a70       0x1c CMakeFiles/lcd_i2c_project.dir/C_/Users/thanh/pico/pico-sdk/src/rp2_common/hardware_irq/irq.c.obj
                0x10000a70                runtime_init_per_core_irq_priorities
 .text.make_j_16
                0x10000a8c       0x4c CMakeFiles/lcd_i2c_project.dir/C_/Users/thanh/pico/pico-sdk/src/rp2_common/hardware_irq/irq.c.obj
 .text.insert_bl_32
                0x10000ad8       0x40 CMakeFiles/lcd_i2c_project.dir/C_/Users/thanh/pico/pico-sdk/src/rp2_common/hardware_irq/irq.c.obj
 .text.irq_is_enabled
                0x10000b18       0x18 CMakeFiles/lcd_i2c_project.dir/C_/Users/thanh/pico/pico-sdk/src/rp2_common/hardware_irq/irq.c.obj
                0x10000b18                irq_is_enabled
 .text.irq_set_mask_n_enabled
                0x10000b30       0x1c CMakeFiles/lcd_i2c_project.dir/C_/Users/thanh/pico/pico-sdk/src/rp2_common/hardware_irq/irq.c.obj
                0x10000b30                irq_set_mask_n_enabled
 .text.irq_set_enabled
                0x10000b4c       0x14 CMakeFiles/lcd_i2c_project.dir/C_/Users/thanh/pico/pico-sdk/src/rp2_common/hardware_irq/irq.c.obj
                0x10000b4c                irq_set_enabled
 .text.irq_get_vtable_handler
                0x10000b60       0x10 CMakeFiles/lcd_i2c_project.dir/C_/Users/thanh/pico/pico-sdk/src/rp2_common/hardware_irq/irq.c.obj
                0x10000b60                irq_get_vtable_handler
 .text.irq_has_handler
                0x10000b70       0x20 CMakeFiles/lcd_i2c_project.dir/C_/Users/thanh/pico/pico-sdk/src/rp2_common/hardware_irq/irq.c.obj
                0x10000b70                irq_has_handler
 .text.irq_set_exclusive_handler
                0x10000b90       0x54 CMakeFiles/lcd_i2c_project.dir/C_/Users/thanh/pico/pico-sdk/src/rp2_common/hardware_irq/irq.c.obj
                0x10000b90                irq_set_exclusive_handler
 .text.irq_add_shared_handler
                0x10000be4      0x238 CMakeFiles/lcd_i2c_project.dir/C_/Users/thanh/pico/pico-sdk/src/rp2_common/hardware_irq/irq.c.obj
                0x10000be4                irq_add_shared_handler
 .text.irq_remove_handler
                0x10000e1c      0x1b0 CMakeFiles/lcd_i2c_project.dir/C_/Users/thanh/pico/pico-sdk/src/rp2_common/hardware_irq/irq.c.obj
                0x10000e1c                irq_remove_handler
 .text.irq_add_tail_to_free_list
                0x10000fcc       0xf0 CMakeFiles/lcd_i2c_project.dir/C_/Users/thanh/pico/pico-sdk/src/rp2_common/hardware_irq/irq.c.obj
                0x10000fcc                irq_add_tail_to_free_list
 .text.lock_init
                0x100010bc       0x10 CMakeFiles/lcd_i2c_project.dir/C_/Users/thanh/pico/pico-sdk/src/common/pico_sync/lock_core.c.obj
                0x100010bc                lock_init
 .text.mutex_init
                0x100010cc       0x1a CMakeFiles/lcd_i2c_project.dir/C_/Users/thanh/pico/pico-sdk/src/common/pico_sync/mutex.c.obj
                0x100010cc                mutex_init
 .text.recursive_mutex_init
                0x100010e6       0x1e CMakeFiles/lcd_i2c_project.dir/C_/Users/thanh/pico/pico-sdk/src/common/pico_sync/mutex.c.obj
                0x100010e6                recursive_mutex_init
 .text.runtime_init_mutex
                0x10001104       0x4c CMakeFiles/lcd_i2c_project.dir/C_/Users/thanh/pico/pico-sdk/src/common/pico_sync/mutex.c.obj
                0x10001104                runtime_init_mutex
 .text.make_alarm_id
                0x10001150        0x6 CMakeFiles/lcd_i2c_project.dir/C_/Users/thanh/pico/pico-sdk/src/common/pico_time/time.c.obj
 *fill*         0x10001156        0x2 
 .text.sleep_until_callback
                0x10001158       0x30 CMakeFiles/lcd_i2c_project.dir/C_/Users/thanh/pico/pico-sdk/src/common/pico_time/time.c.obj
 .text.alarm_pool_irq_handler
                0x10001188      0x304 CMakeFiles/lcd_i2c_project.dir/C_/Users/thanh/pico/pico-sdk/src/common/pico_time/time.c.obj
 .text.alarm_pool_post_alloc_init
                0x1000148c       0x94 CMakeFiles/lcd_i2c_project.dir/C_/Users/thanh/pico/pico-sdk/src/common/pico_time/time.c.obj
 .text.alarm_pool_get_default
                0x10001520       0x2c CMakeFiles/lcd_i2c_project.dir/C_/Users/thanh/pico/pico-sdk/src/common/pico_time/time.c.obj
                0x10001520                alarm_pool_get_default
 .text.alarm_pool_add_alarm_at_force_in_context
                0x1000154c       0xb0 CMakeFiles/lcd_i2c_project.dir/C_/Users/thanh/pico/pico-sdk/src/common/pico_time/time.c.obj
                0x1000154c                alarm_pool_add_alarm_at_force_in_context
 .text.alarm_pool_add_alarm_at
                0x100015fc       0x3c CMakeFiles/lcd_i2c_project.dir/C_/Users/thanh/pico/pico-sdk/src/common/pico_time/time.c.obj
                0x100015fc                alarm_pool_add_alarm_at
 .text.alarm_pool_cancel_alarm
                0x10001638       0x78 CMakeFiles/lcd_i2c_project.dir/C_/Users/thanh/pico/pico-sdk/src/common/pico_time/time.c.obj
                0x10001638                alarm_pool_cancel_alarm
 .text.sleep_until
                0x100016b0       0xc8 CMakeFiles/lcd_i2c_project.dir/C_/Users/thanh/pico/pico-sdk/src/common/pico_time/time.c.obj
                0x100016b0                sleep_until
 .text.sleep_us
                0x10001778       0x24 CMakeFiles/lcd_i2c_project.dir/C_/Users/thanh/pico/pico-sdk/src/common/pico_time/time.c.obj
                0x10001778                sleep_us
 .text.sleep_ms
                0x1000179c       0x14 CMakeFiles/lcd_i2c_project.dir/C_/Users/thanh/pico/pico-sdk/src/common/pico_time/time.c.obj
                0x1000179c                sleep_ms
 .text.best_effort_wfe_or_timeout
                0x100017b0      0x13c CMakeFiles/lcd_i2c_project.dir/C_/Users/thanh/pico/pico-sdk/src/common/pico_time/time.c.obj
                0x100017b0                best_effort_wfe_or_timeout
 .text.alarm_pool_get_default_timer
                0x100018ec        0x8 CMakeFiles/lcd_i2c_project.dir/C_/Users/thanh/pico/pico-sdk/src/common/pico_time/time.c.obj
                0x100018ec                alarm_pool_get_default_timer
 .text.runtime_init_default_alarm_pool
                0x100018f4       0x38 CMakeFiles/lcd_i2c_project.dir/C_/Users/thanh/pico/pico-sdk/src/common/pico_time/time.c.obj
                0x100018f4                runtime_init_default_alarm_pool
 .text.timer_hardware_alarm_claim
                0x1000192c       0x14 CMakeFiles/lcd_i2c_project.dir/C_/Users/thanh/pico/pico-sdk/src/rp2_common/hardware_timer/timer.c.obj
                0x1000192c                timer_hardware_alarm_claim
 .text.timer_time_us_64
                0x10001940       0x10 CMakeFiles/lcd_i2c_project.dir/C_/Users/thanh/pico/pico-sdk/src/rp2_common/hardware_timer/timer.c.obj
                0x10001940                timer_time_us_64
 .text.timer_busy_wait_until
                0x10001950       0x1a CMakeFiles/lcd_i2c_project.dir/C_/Users/thanh/pico/pico-sdk/src/rp2_common/hardware_timer/timer.c.obj
                0x10001950                timer_busy_wait_until
 .text.timer_busy_wait_us
                0x1000196a       0x38 CMakeFiles/lcd_i2c_project.dir/C_/Users/thanh/pico/pico-sdk/src/rp2_common/hardware_timer/timer.c.obj
                0x1000196a                timer_busy_wait_us
 *fill*         0x100019a2        0x2 
 .text.time_us_64
                0x100019a4       0x10 CMakeFiles/lcd_i2c_project.dir/C_/Users/thanh/pico/pico-sdk/src/rp2_common/hardware_timer/timer.c.obj
                0x100019a4                time_us_64
 .text.busy_wait_us
                0x100019b4       0x14 CMakeFiles/lcd_i2c_project.dir/C_/Users/thanh/pico/pico-sdk/src/rp2_common/hardware_timer/timer.c.obj
                0x100019b4                busy_wait_us
 .text.busy_wait_until
                0x100019c8       0x14 CMakeFiles/lcd_i2c_project.dir/C_/Users/thanh/pico/pico-sdk/src/rp2_common/hardware_timer/timer.c.obj
                0x100019c8                busy_wait_until
 .text.uart_disable_before_lcr_write
                0x100019dc       0x48 CMakeFiles/lcd_i2c_project.dir/C_/Users/thanh/pico/pico-sdk/src/rp2_common/hardware_uart/uart.c.obj
 .text.uart_write_lcr_bits_masked
                0x10001a24       0x20 CMakeFiles/lcd_i2c_project.dir/C_/Users/thanh/pico/pico-sdk/src/rp2_common/hardware_uart/uart.c.obj
 .text.uart_set_baudrate
                0x10001a44       0x5c CMakeFiles/lcd_i2c_project.dir/C_/Users/thanh/pico/pico-sdk/src/rp2_common/hardware_uart/uart.c.obj
                0x10001a44                uart_set_baudrate
 .text.uart_set_translate_crlf
                0x10001aa0       0x28 CMakeFiles/lcd_i2c_project.dir/C_/Users/thanh/pico/pico-sdk/src/rp2_common/hardware_uart/uart.c.obj
                0x10001aa0                uart_set_translate_crlf
 .text.uart_init
                0x10001ac8       0x84 CMakeFiles/lcd_i2c_project.dir/C_/Users/thanh/pico/pico-sdk/src/rp2_common/hardware_uart/uart.c.obj
                0x10001ac8                uart_init
 .text.clock_configure_internal
                0x10001b4c       0xc4 CMakeFiles/lcd_i2c_project.dir/C_/Users/thanh/pico/pico-sdk/src/rp2_common/hardware_clocks/clocks.c.obj
 .text.clock_configure_int_divider
                0x10001c10       0x28 CMakeFiles/lcd_i2c_project.dir/C_/Users/thanh/pico/pico-sdk/src/rp2_common/hardware_clocks/clocks.c.obj
                0x10001c10                clock_configure_int_divider
 .text.clock_configure_undivided
                0x10001c38       0x12 CMakeFiles/lcd_i2c_project.dir/C_/Users/thanh/pico/pico-sdk/src/rp2_common/hardware_clocks/clocks.c.obj
                0x10001c38                clock_configure_undivided
 *fill*         0x10001c4a        0x2 
 .text.clock_get_hz
                0x10001c4c        0xc CMakeFiles/lcd_i2c_project.dir/C_/Users/thanh/pico/pico-sdk/src/rp2_common/hardware_clocks/clocks.c.obj
                0x10001c4c                clock_get_hz
 .text.pll_init
                0x10001c58      0x120 CMakeFiles/lcd_i2c_project.dir/C_/Users/thanh/pico/pico-sdk/src/rp2_common/hardware_pll/pll.c.obj
                0x10001c58                pll_init
 .text.tick_start
                0x10001d78       0x10 CMakeFiles/lcd_i2c_project.dir/C_/Users/thanh/pico/pico-sdk/src/rp2_common/hardware_ticks/ticks.c.obj
                0x10001d78                tick_start
 .text.rom_func_lookup
                0x10001d88       0x10 CMakeFiles/lcd_i2c_project.dir/C_/Users/thanh/pico/pico-sdk/src/rp2_common/pico_bootrom/bootrom.c.obj
                0x10001d88                rom_func_lookup
 .text.rom_data_lookup
                0x10001d98       0x10 CMakeFiles/lcd_i2c_project.dir/C_/Users/thanh/pico/pico-sdk/src/rp2_common/pico_bootrom/bootrom.c.obj
                0x10001d98                rom_data_lookup
 .text.rom_funcs_lookup
                0x10001da8       0x36 CMakeFiles/lcd_i2c_project.dir/C_/Users/thanh/pico/pico-sdk/src/rp2_common/pico_bootrom/bootrom.c.obj
                0x10001da8                rom_funcs_lookup
 *fill*         0x10001dde        0x2 
 .text.xosc_init
                0x10001de0       0x2c CMakeFiles/lcd_i2c_project.dir/C_/Users/thanh/pico/pico-sdk/src/rp2_common/hardware_xosc/xosc.c.obj
                0x10001de0                xosc_init
 .text.runtime_run_initializers_from
                0x10001e0c       0x18 CMakeFiles/lcd_i2c_project.dir/C_/Users/thanh/pico/pico-sdk/src/rp2_common/pico_runtime/runtime.c.obj
 .text.first_per_core_initializer
                0x10001e24        0x2 CMakeFiles/lcd_i2c_project.dir/C_/Users/thanh/pico/pico-sdk/src/rp2_common/pico_runtime/runtime.c.obj
 *fill*         0x10001e26        0x2 
 .text.runtime_run_initializers
                0x10001e28       0x10 CMakeFiles/lcd_i2c_project.dir/C_/Users/thanh/pico/pico-sdk/src/rp2_common/pico_runtime/runtime.c.obj
                0x10001e28                runtime_run_initializers
 .text.runtime_init_early_resets
                0x10001e38       0x2c CMakeFiles/lcd_i2c_project.dir/C_/Users/thanh/pico/pico-sdk/src/rp2_common/pico_runtime_init/runtime_init.c.obj
                0x10001e38                runtime_init_early_resets
 .text.runtime_init_usb_power_down
                0x10001e64       0x1c CMakeFiles/lcd_i2c_project.dir/C_/Users/thanh/pico/pico-sdk/src/rp2_common/pico_runtime_init/runtime_init.c.obj
                0x10001e64                runtime_init_usb_power_down
 .text.runtime_init_post_clock_resets
                0x10001e80       0x20 CMakeFiles/lcd_i2c_project.dir/C_/Users/thanh/pico/pico-sdk/src/rp2_common/pico_runtime_init/runtime_init.c.obj
                0x10001e80                runtime_init_post_clock_resets
 .text.runtime_init_rp2040_gpio_ie_disable
                0x10001ea0       0x14 CMakeFiles/lcd_i2c_project.dir/C_/Users/thanh/pico/pico-sdk/src/rp2_common/pico_runtime_init/runtime_init.c.obj
                0x10001ea0                runtime_init_rp2040_gpio_ie_disable
 .text.runtime_init_spin_locks_reset
                0x10001eb4        0x8 CMakeFiles/lcd_i2c_project.dir/C_/Users/thanh/pico/pico-sdk/src/rp2_common/pico_runtime_init/runtime_init.c.obj
                0x10001eb4                runtime_init_spin_locks_reset
 .text.runtime_init_install_ram_vector_table
                0x10001ebc       0x1c CMakeFiles/lcd_i2c_project.dir/C_/Users/thanh/pico/pico-sdk/src/rp2_common/pico_runtime_init/runtime_init.c.obj
                0x10001ebc                runtime_init_install_ram_vector_table
 .text.start_all_ticks
                0x10001ed8       0x28 CMakeFiles/lcd_i2c_project.dir/C_/Users/thanh/pico/pico-sdk/src/rp2_common/pico_runtime_init/runtime_init_clocks.c.obj
 .text.runtime_init_clocks
                0x10001f00       0xcc CMakeFiles/lcd_i2c_project.dir/C_/Users/thanh/pico/pico-sdk/src/rp2_common/pico_runtime_init/runtime_init_clocks.c.obj
                0x10001f00                runtime_init_clocks
 .text          0x10001fcc       0x10 CMakeFiles/lcd_i2c_project.dir/C_/Users/thanh/pico/pico-sdk/src/rp2_common/pico_bit_ops/bit_ops_aeabi.S.obj
 .text.__wrap___aeabi_idiv
                0x10001fdc       0x50 CMakeFiles/lcd_i2c_project.dir/C_/Users/thanh/pico/pico-sdk/src/rp2_common/pico_divider/divider_hardware.S.obj
                0x10001fdc                __wrap___aeabi_idivmod
                0x10001fdc                divmod_s32s32
                0x10001fdc                div_s32s32
                0x10001fdc                __wrap___aeabi_idiv
                0x10001fe4                divmod_s32s32_unsafe
                0x10002010                divmod_s32s32_savestate
 .text.__wrap___aeabi_uidiv
                0x1000202c       0x4c CMakeFiles/lcd_i2c_project.dir/C_/Users/thanh/pico/pico-sdk/src/rp2_common/pico_divider/divider_hardware.S.obj
                0x1000202c                __wrap___aeabi_uidiv
                0x1000202c                __wrap___aeabi_uidivmod
                0x1000202c                div_u32u32
                0x1000202c                divmod_u32u32
                0x10002034                divmod_u32u32_unsafe
                0x1000205c                divmod_u32u32_savestate
 .text.__wrap___aeabi_ldiv
                0x10002078      0x424 CMakeFiles/lcd_i2c_project.dir/C_/Users/thanh/pico/pico-sdk/src/rp2_common/pico_divider/divider_hardware.S.obj
                0x10002078                div_s64s64
                0x10002078                divmod_s64s64
                0x10002078                __wrap___aeabi_ldivmod
                0x100020a8                divmod_u64u64
                0x100020a8                div_u64u64
                0x100020a8                __wrap___aeabi_uldivmod
                0x100020b8                divmod_u64u64_savestate
                0x100020d8                divmod_s64s64_unsafe
                0x10002160                divmod_u64u64_unsafe
 .text.__wrap___aeabi_darithmetic
                0x1000249c       0x80 CMakeFiles/lcd_i2c_project.dir/C_/Users/thanh/pico/pico-sdk/src/rp2_common/pico_double/double_aeabi_rp2040.S.obj
                0x1000249c                __wrap___aeabi_drsub
                0x100024a2                __wrap___aeabi_dsub
                0x100024b4                __wrap___aeabi_dadd
                0x100024c6                __wrap___aeabi_ddiv
                0x10002502                __wrap___aeabi_dmul
 .text.__wrap___aeabi_cdcmple
                0x1000251c       0x6c CMakeFiles/lcd_i2c_project.dir/C_/Users/thanh/pico/pico-sdk/src/rp2_common/pico_double/double_aeabi_rp2040.S.obj
                0x1000251c                __wrap___aeabi_cdrcmple
                0x1000252c                __wrap___aeabi_cdcmpeq
                0x1000252c                __wrap___aeabi_cdcmple
 .text.__wrap___aeabi_dcmplt
                0x10002588        0xc CMakeFiles/lcd_i2c_project.dir/C_/Users/thanh/pico/pico-sdk/src/rp2_common/pico_double/double_aeabi_rp2040.S.obj
                0x10002588                __wrap___aeabi_dcmplt
 .text.__wrap___aeabi_dcmple
                0x10002594       0x10 CMakeFiles/lcd_i2c_project.dir/C_/Users/thanh/pico/pico-sdk/src/rp2_common/pico_double/double_aeabi_rp2040.S.obj
                0x10002594                __wrap___aeabi_dcmple
 .text.__wrap___aeabi_dcmpge
                0x100025a4       0x10 CMakeFiles/lcd_i2c_project.dir/C_/Users/thanh/pico/pico-sdk/src/rp2_common/pico_double/double_aeabi_rp2040.S.obj
                0x100025a4                __wrap___aeabi_dcmpge
 .text.__wrap___aeabi_dcmpgt
                0x100025b4        0xa CMakeFiles/lcd_i2c_project.dir/C_/Users/thanh/pico/pico-sdk/src/rp2_common/pico_double/double_aeabi_rp2040.S.obj
                0x100025b4                __wrap___aeabi_dcmpgt
 .text.__wrap___aeabi_dcmpun
                0x100025be       0x18 CMakeFiles/lcd_i2c_project.dir/C_/Users/thanh/pico/pico-sdk/src/rp2_common/pico_double/double_aeabi_rp2040.S.obj
                0x100025be                __wrap___aeabi_dcmpun
 *fill*         0x100025d6        0x2 
 .text.__wrap___aeabi_i2d
                0x100025d8       0x38 CMakeFiles/lcd_i2c_project.dir/C_/Users/thanh/pico/pico-sdk/src/rp2_common/pico_double/double_aeabi_rp2040.S.obj
                0x100025d8                uint2double
                0x100025d8                __wrap___aeabi_ui2d
                0x100025e0                int2double
                0x100025e0                __wrap___aeabi_i2d
 .text.__wrap___aeabi_d2iz
                0x10002610       0x48 CMakeFiles/lcd_i2c_project.dir/C_/Users/thanh/pico/pico-sdk/src/rp2_common/pico_double/double_aeabi_rp2040.S.obj
                0x10002610                double2int_z
                0x10002610                __wrap___aeabi_d2iz
 .text.__wrap___aeabi_d2uiz
                0x10002658       0x18 CMakeFiles/lcd_i2c_project.dir/C_/Users/thanh/pico/pico-sdk/src/rp2_common/pico_double/double_aeabi_rp2040.S.obj
                0x10002658                double2uint
                0x10002658                __wrap___aeabi_d2uiz
                0x10002658                double2uint_z
 .text.__aeabi_double_init
                0x10002670       0xc8 CMakeFiles/lcd_i2c_project.dir/C_/Users/thanh/pico/pico-sdk/src/rp2_common/pico_double/double_init_rom_rp2040.c.obj
                0x10002670                __aeabi_double_init
 .text.double_table_shim_on_use_helper
                0x10002738       0x34 CMakeFiles/lcd_i2c_project.dir/C_/Users/thanh/pico/pico-sdk/src/rp2_common/pico_double/double_v1_rom_shim_rp2040.S.obj
                0x10002738                double_table_shim_on_use_helper
 .text.__wrap___aeabi_dsub
                0x1000276c       0x10 CMakeFiles/lcd_i2c_project.dir/C_/Users/thanh/pico/pico-sdk/src/rp2_common/pico_double/double_v1_rom_shim_rp2040.S.obj
                0x1000276c                drsub_shim
                0x10002772                dsub_shim
 .text.dadd_shim
                0x1000277c      0x15c CMakeFiles/lcd_i2c_project.dir/C_/Users/thanh/pico/pico-sdk/src/rp2_common/pico_double/double_v1_rom_shim_rp2040.S.obj
                0x1000277c                dadd_shim
 .text.dmul_shim
                0x100028d8      0x15c CMakeFiles/lcd_i2c_project.dir/C_/Users/thanh/pico/pico-sdk/src/rp2_common/pico_double/double_v1_rom_shim_rp2040.S.obj
                0x100028d8                dmul_shim
 .text.ddiv_shim
                0x10002a34      0x1b0 CMakeFiles/lcd_i2c_project.dir/C_/Users/thanh/pico/pico-sdk/src/rp2_common/pico_double/double_v1_rom_shim_rp2040.S.obj
                0x10002a34                ddiv_shim
 .text.double2uint_shim
                0x10002be4        0xe CMakeFiles/lcd_i2c_project.dir/C_/Users/thanh/pico/pico-sdk/src/rp2_common/pico_double/double_v1_rom_shim_rp2040.S.obj
                0x10002be4                double2uint_shim
                0x10002be6                double2ufix_shim
 *fill*         0x10002bf2        0x2 
 .text.double2uint64_shim
                0x10002bf4       0x70 CMakeFiles/lcd_i2c_project.dir/C_/Users/thanh/pico/pico-sdk/src/rp2_common/pico_double/double_v1_rom_shim_rp2040.S.obj
                0x10002bf4                double2uint64_shim
                0x10002bf6                double2ufix64_shim
                0x10002c16                d2fix_a
 .text.dunpacks
                0x10002c64       0x3c CMakeFiles/lcd_i2c_project.dir/C_/Users/thanh/pico/pico-sdk/src/rp2_common/pico_double/double_v1_rom_shim_rp2040.S.obj
                0x10002c64                dunpacks
 .text.__aeabi_lmul
                0x10002ca0       0x32 CMakeFiles/lcd_i2c_project.dir/C_/Users/thanh/pico/pico-sdk/src/rp2_common/pico_int64_ops/pico_int64_ops_aeabi.S.obj
                0x10002ca0                __wrap___aeabi_lmul
 *fill*         0x10002cd2        0x2 
 .text.__wrap___aeabi_farithmetic
                0x10002cd4       0x58 CMakeFiles/lcd_i2c_project.dir/C_/Users/thanh/pico/pico-sdk/src/rp2_common/pico_float/float_aeabi_rp2040.S.obj
                0x10002cd4                __wrap___aeabi_frsub
                0x10002cda                __wrap___aeabi_fsub
                0x10002ce4                __wrap___aeabi_fadd
                0x10002cee                __wrap___aeabi_fdiv
                0x10002d1a                __wrap___aeabi_fmul
 .text.__wrap___aeabi_cfcmple
                0x10002d2c       0x50 CMakeFiles/lcd_i2c_project.dir/C_/Users/thanh/pico/pico-sdk/src/rp2_common/pico_float/float_aeabi_rp2040.S.obj
                0x10002d2c                __wrap___aeabi_cfrcmple
                0x10002d38                __wrap___aeabi_cfcmple
                0x10002d38                __wrap___aeabi_cfcmpeq
 .text.__wrap___aeabi_fcmplt
                0x10002d7c        0xc CMakeFiles/lcd_i2c_project.dir/C_/Users/thanh/pico/pico-sdk/src/rp2_common/pico_float/float_aeabi_rp2040.S.obj
                0x10002d7c                __wrap___aeabi_fcmplt
 .text.__wrap___aeabi_fcmpgt
                0x10002d88        0xa CMakeFiles/lcd_i2c_project.dir/C_/Users/thanh/pico/pico-sdk/src/rp2_common/pico_float/float_aeabi_rp2040.S.obj
                0x10002d88                __wrap___aeabi_fcmpgt
 .text.__wrap___aeabi_ui2f
                0x10002d92        0xa CMakeFiles/lcd_i2c_project.dir/C_/Users/thanh/pico/pico-sdk/src/rp2_common/pico_float/float_aeabi_rp2040.S.obj
                0x10002d92                __wrap___aeabi_ui2f
                0x10002d92                uint2float
 .text.__wrap___aeabi_i2f
                0x10002d9c       0x44 CMakeFiles/lcd_i2c_project.dir/C_/Users/thanh/pico/pico-sdk/src/rp2_common/pico_float/float_aeabi_rp2040.S.obj
                0x10002d9c                __wrap___aeabi_i2f
                0x10002d9c                int2float
 .text.__wrap___aeabi_l2f
                0x10002de0       0x20 CMakeFiles/lcd_i2c_project.dir/C_/Users/thanh/pico/pico-sdk/src/rp2_common/pico_float/float_aeabi_rp2040.S.obj
                0x10002de4                __wrap___aeabi_l2f
                0x10002de4                int642float
 .text.__wrap___aeabi_f2d
                0x10002e00       0x14 CMakeFiles/lcd_i2c_project.dir/C_/Users/thanh/pico/pico-sdk/src/rp2_common/pico_float/float_aeabi_rp2040.S.obj
                0x10002e00                __wrap___aeabi_f2d
 .text.__aeabi_float_init
                0x10002e14       0xfc CMakeFiles/lcd_i2c_project.dir/C_/Users/thanh/pico/pico-sdk/src/rp2_common/pico_float/float_init_rom_rp2040.c.obj
                0x10002e14                __aeabi_float_init
 .text.float_table_shim_on_use_helper
                0x10002f10       0x34 CMakeFiles/lcd_i2c_project.dir/C_/Users/thanh/pico/pico-sdk/src/rp2_common/pico_float/float_v1_rom_shim_rp2040.S.obj
                0x10002f10                float_table_shim_on_use_helper
 .text.642float_shims
                0x10002f44       0x44 CMakeFiles/lcd_i2c_project.dir/C_/Users/thanh/pico/pico-sdk/src/rp2_common/pico_float/float_v1_rom_shim_rp2040.S.obj
                0x10002f44                uint642float_shim
                0x10002f46                ufix642float_shim
                0x10002f56                int642float_shim
                0x10002f58                fix642float_shim
 .text.float2double_shim
                0x10002f88       0x30 CMakeFiles/lcd_i2c_project.dir/C_/Users/thanh/pico/pico-sdk/src/rp2_common/pico_float/float_v1_rom_shim_rp2040.S.obj
                0x10002f88                float2double_shim
 .text          0x10002fb8       0x10 CMakeFiles/lcd_i2c_project.dir/C_/Users/thanh/pico/pico-sdk/src/rp2_common/pico_mem_ops/mem_ops_aeabi.S.obj
                0x10002fb8                __aeabi_mem_init
 .text.memcpy   0x10002fc8        0xc CMakeFiles/lcd_i2c_project.dir/C_/Users/thanh/pico/pico-sdk/src/rp2_common/pico_mem_ops/mem_ops_aeabi.S.obj
                0x10002fc8                __wrap_memcpy
                0x10002fc8                __wrap___aeabi_memcpy
 .text._out_buffer
                0x10002fd4        0x8 CMakeFiles/lcd_i2c_project.dir/C_/Users/thanh/pico/pico-sdk/src/rp2_common/pico_printf/printf.c.obj
 .text._out_null
                0x10002fdc        0x2 CMakeFiles/lcd_i2c_project.dir/C_/Users/thanh/pico/pico-sdk/src/rp2_common/pico_printf/printf.c.obj
 .text._out_fct
                0x10002fde        0xe CMakeFiles/lcd_i2c_project.dir/C_/Users/thanh/pico/pico-sdk/src/rp2_common/pico_printf/printf.c.obj
 .text._atoi    0x10002fec       0x24 CMakeFiles/lcd_i2c_project.dir/C_/Users/thanh/pico/pico-sdk/src/rp2_common/pico_printf/printf.c.obj
 .text._out_rev
                0x10003010       0xae CMakeFiles/lcd_i2c_project.dir/C_/Users/thanh/pico/pico-sdk/src/rp2_common/pico_printf/printf.c.obj
 .text._ntoa_format
                0x100030be      0x112 CMakeFiles/lcd_i2c_project.dir/C_/Users/thanh/pico/pico-sdk/src/rp2_common/pico_printf/printf.c.obj
 .text._ntoa_long
                0x100031d0       0xbc CMakeFiles/lcd_i2c_project.dir/C_/Users/thanh/pico/pico-sdk/src/rp2_common/pico_printf/printf.c.obj
 .text._ntoa_long_long
                0x1000328c       0xe2 CMakeFiles/lcd_i2c_project.dir/C_/Users/thanh/pico/pico-sdk/src/rp2_common/pico_printf/printf.c.obj
 *fill*         0x1000336e        0x2 
 .text._etoa    0x10003370      0x414 CMakeFiles/lcd_i2c_project.dir/C_/Users/thanh/pico/pico-sdk/src/rp2_common/pico_printf/printf.c.obj
 .text._ftoa    0x10003784      0x354 CMakeFiles/lcd_i2c_project.dir/C_/Users/thanh/pico/pico-sdk/src/rp2_common/pico_printf/printf.c.obj
 .text._vsnprintf
                0x10003ad8      0x624 CMakeFiles/lcd_i2c_project.dir/C_/Users/thanh/pico/pico-sdk/src/rp2_common/pico_printf/printf.c.obj
 .text.__wrap_snprintf
                0x100040fc       0x28 CMakeFiles/lcd_i2c_project.dir/C_/Users/thanh/pico/pico-sdk/src/rp2_common/pico_printf/printf.c.obj
                0x100040fc                __wrap_snprintf
 .text.vfctprintf
                0x10004124       0x20 CMakeFiles/lcd_i2c_project.dir/C_/Users/thanh/pico/pico-sdk/src/rp2_common/pico_printf/printf.c.obj
                0x10004124                vfctprintf
 .text._exit    0x10004144        0x4 CMakeFiles/lcd_i2c_project.dir/C_/Users/thanh/pico/pico-sdk/src/rp2_common/pico_clib_interface/newlib_interface.c.obj
                0x10004144                _exit
 .text.exit     0x10004148        0x6 CMakeFiles/lcd_i2c_project.dir/C_/Users/thanh/pico/pico-sdk/src/rp2_common/pico_clib_interface/newlib_interface.c.obj
                0x10004148                exit
 *fill*         0x1000414e        0x2 
 .text.__assert_func
                0x10004150       0x3c CMakeFiles/lcd_i2c_project.dir/C_/Users/thanh/pico/pico-sdk/src/rp2_common/pico_clib_interface/newlib_interface.c.obj
                0x10004150                __assert_func
 .text.runtime_init
                0x1000418c       0x28 CMakeFiles/lcd_i2c_project.dir/C_/Users/thanh/pico/pico-sdk/src/rp2_common/pico_clib_interface/newlib_interface.c.obj
                0x1000418c                runtime_init
 .text.stdio_out_chars_no_crlf
                0x100041b4        0xe CMakeFiles/lcd_i2c_project.dir/C_/Users/thanh/pico/pico-sdk/src/rp2_common/pico_stdio/stdio.c.obj
 *fill*         0x100041c2        0x2 
 .text.stdio_out_chars_crlf
                0x100041c4       0x80 CMakeFiles/lcd_i2c_project.dir/C_/Users/thanh/pico/pico-sdk/src/rp2_common/pico_stdio/stdio.c.obj
 .text.stdio_stack_buffer_flush
                0x10004244       0x44 CMakeFiles/lcd_i2c_project.dir/C_/Users/thanh/pico/pico-sdk/src/rp2_common/pico_stdio/stdio.c.obj
 .text.stdio_buffered_printer
                0x10004288       0x20 CMakeFiles/lcd_i2c_project.dir/C_/Users/thanh/pico/pico-sdk/src/rp2_common/pico_stdio/stdio.c.obj
 .text.stdout_serialize_begin
                0x100042a8       0x30 CMakeFiles/lcd_i2c_project.dir/C_/Users/thanh/pico/pico-sdk/src/rp2_common/pico_stdio/stdio.c.obj
                0x100042a8                stdout_serialize_begin
 .text.stdout_serialize_end
                0x100042d8       0x10 CMakeFiles/lcd_i2c_project.dir/C_/Users/thanh/pico/pico-sdk/src/rp2_common/pico_stdio/stdio.c.obj
                0x100042d8                stdout_serialize_end
 .text.stdio_put_string
                0x100042e8       0x94 CMakeFiles/lcd_i2c_project.dir/C_/Users/thanh/pico/pico-sdk/src/rp2_common/pico_stdio/stdio.c.obj
                0x100042e8                stdio_put_string
 .text.stdio_set_driver_enabled
                0x1000437c       0x2c CMakeFiles/lcd_i2c_project.dir/C_/Users/thanh/pico/pico-sdk/src/rp2_common/pico_stdio/stdio.c.obj
                0x1000437c                stdio_set_driver_enabled
 .text.stdio_flush
                0x100043a8       0x20 CMakeFiles/lcd_i2c_project.dir/C_/Users/thanh/pico/pico-sdk/src/rp2_common/pico_stdio/stdio.c.obj
                0x100043a8                stdio_flush
 .text.stdio_init_all
                0x100043c8        0xa CMakeFiles/lcd_i2c_project.dir/C_/Users/thanh/pico/pico-sdk/src/rp2_common/pico_stdio/stdio.c.obj
                0x100043c8                stdio_init_all
 .text.__wrap_puts
                0x100043d2       0x1e CMakeFiles/lcd_i2c_project.dir/C_/Users/thanh/pico/pico-sdk/src/rp2_common/pico_stdio/stdio.c.obj
                0x100043d2                stdio_puts
                0x100043d2                __wrap_puts
 .text.__wrap_vprintf
                0x100043f0       0x40 CMakeFiles/lcd_i2c_project.dir/C_/Users/thanh/pico/pico-sdk/src/rp2_common/pico_stdio/stdio.c.obj
                0x100043f0                stdio_vprintf
                0x100043f0                __wrap_vprintf
 .text.__wrap_printf
                0x10004430       0x18 CMakeFiles/lcd_i2c_project.dir/C_/Users/thanh/pico/pico-sdk/src/rp2_common/pico_stdio/stdio.c.obj
                0x10004430                __wrap_printf
                0x10004430                stdio_printf
 .text.stdio_uart_out_chars
                0x10004448       0x74 CMakeFiles/lcd_i2c_project.dir/C_/Users/thanh/pico/pico-sdk/src/rp2_common/pico_stdio_uart/stdio_uart.c.obj
 .text.stdio_uart_in_chars
                0x100044bc       0x80 CMakeFiles/lcd_i2c_project.dir/C_/Users/thanh/pico/pico-sdk/src/rp2_common/pico_stdio_uart/stdio_uart.c.obj
                0x100044bc                stdio_uart_in_chars
 .text.on_uart_rx
                0x1000453c       0x28 CMakeFiles/lcd_i2c_project.dir/C_/Users/thanh/pico/pico-sdk/src/rp2_common/pico_stdio_uart/stdio_uart.c.obj
 .text.stdio_uart_out_flush
                0x10004564       0x10 CMakeFiles/lcd_i2c_project.dir/C_/Users/thanh/pico/pico-sdk/src/rp2_common/pico_stdio_uart/stdio_uart.c.obj
 .text.stdio_uart_set_chars_available_callback
                0x10004574       0x94 CMakeFiles/lcd_i2c_project.dir/C_/Users/thanh/pico/pico-sdk/src/rp2_common/pico_stdio_uart/stdio_uart.c.obj
 .text.stdio_uart_init_full
                0x10004608       0x44 CMakeFiles/lcd_i2c_project.dir/C_/Users/thanh/pico/pico-sdk/src/rp2_common/pico_stdio_uart/stdio_uart.c.obj
                0x10004608                stdio_uart_init_full
 .text.stdio_uart_init
                0x1000464c       0x30 CMakeFiles/lcd_i2c_project.dir/C_/Users/thanh/pico/pico-sdk/src/rp2_common/pico_stdio_uart/stdio_uart.c.obj
                0x1000464c                stdio_uart_init
 .text.i2c_write_blocking_internal
                0x1000467c      0x158 CMakeFiles/lcd_i2c_project.dir/C_/Users/thanh/pico/pico-sdk/src/rp2_common/hardware_i2c/i2c.c.obj
 .text.i2c_set_baudrate
                0x100047d4       0xf0 CMakeFiles/lcd_i2c_project.dir/C_/Users/thanh/pico/pico-sdk/src/rp2_common/hardware_i2c/i2c.c.obj
                0x100047d4                i2c_set_baudrate
 .text.i2c_init
                0x100048c4       0x6c CMakeFiles/lcd_i2c_project.dir/C_/Users/thanh/pico/pico-sdk/src/rp2_common/hardware_i2c/i2c.c.obj
                0x100048c4                i2c_init
 .text.i2c_write_blocking
                0x10004930       0x18 CMakeFiles/lcd_i2c_project.dir/C_/Users/thanh/pico/pico-sdk/src/rp2_common/hardware_i2c/i2c.c.obj
                0x10004930                i2c_write_blocking
 .text.strlen   0x10004948       0x5c c:/progra~2/gnuarm~1/102021~1.10/bin/../lib/gcc/arm-none-eabi/10.3.1/../../../../arm-none-eabi/lib/thumb/v6-m/nofp\libg.a(lib_a-strlen-stub.o)
                0x10004948                strlen
 *(.fini)
 .fini          0x100049a4        0x4 c:/progra~2/gnuarm~1/102021~1.10/bin/../lib/gcc/arm-none-eabi/10.3.1/thumb/v6-m/nofp/crti.o
                0x100049a4                _fini
 .fini.__stub   0x100049a8       0x40 linker stubs
 *crtbegin.o(.ctors)
 *crtbegin?.o(.ctors)
 *(EXCLUDE_FILE(*crtend.o *crtend?.o) .ctors)
 *(SORT_BY_NAME(.ctors.*))
 *(.ctors)
 *crtbegin.o(.dtors)
 *crtbegin?.o(.dtors)
 *(EXCLUDE_FILE(*crtend.o *crtend?.o) .dtors)
 *(SORT_BY_NAME(.dtors.*))
 *(.dtors)
                0x100049e8                . = ALIGN (0x4)
                0x100049e8                PROVIDE (__preinit_array_start = .)
 *(SORT_BY_NAME(.preinit_array.*))
 .preinit_array.00100
                0x100049e8        0x4 CMakeFiles/lcd_i2c_project.dir/C_/Users/thanh/pico/pico-sdk/src/rp2_common/pico_runtime_init/runtime_init.c.obj
                0x100049e8                __pre_init_runtime_init_early_resets
 .preinit_array.00101
                0x100049ec        0x4 CMakeFiles/lcd_i2c_project.dir/C_/Users/thanh/pico/pico-sdk/src/rp2_common/pico_runtime_init/runtime_init.c.obj
                0x100049ec                __pre_init_runtime_init_usb_power_down
 .preinit_array.00275
                0x100049f0        0x4 CMakeFiles/lcd_i2c_project.dir/C_/Users/thanh/pico/pico-sdk/src/rp2_common/pico_bit_ops/bit_ops_aeabi.S.obj
 .preinit_array.00300
                0x100049f4        0x4 CMakeFiles/lcd_i2c_project.dir/C_/Users/thanh/pico/pico-sdk/src/rp2_common/pico_mem_ops/mem_ops_aeabi.S.obj
 .preinit_array.00350
                0x100049f8        0x4 CMakeFiles/lcd_i2c_project.dir/C_/Users/thanh/pico/pico-sdk/src/rp2_common/pico_double/double_aeabi_rp2040.S.obj
 .preinit_array.00350
                0x100049fc        0x4 CMakeFiles/lcd_i2c_project.dir/C_/Users/thanh/pico/pico-sdk/src/rp2_common/pico_float/float_aeabi_rp2040.S.obj
 .preinit_array.00500
                0x10004a00        0x4 CMakeFiles/lcd_i2c_project.dir/C_/Users/thanh/pico/pico-sdk/src/rp2_common/pico_runtime_init/runtime_init.c.obj
                0x10004a00                __pre_init_runtime_init_clocks
 .preinit_array.00600
                0x10004a04        0x4 CMakeFiles/lcd_i2c_project.dir/C_/Users/thanh/pico/pico-sdk/src/rp2_common/pico_runtime_init/runtime_init.c.obj
                0x10004a04                __pre_init_runtime_init_post_clock_resets
 .preinit_array.00700
                0x10004a08        0x4 CMakeFiles/lcd_i2c_project.dir/C_/Users/thanh/pico/pico-sdk/src/rp2_common/pico_runtime_init/runtime_init.c.obj
                0x10004a08                __pre_init_runtime_init_rp2040_gpio_ie_disable
 .preinit_array.01000
                0x10004a0c        0x4 CMakeFiles/lcd_i2c_project.dir/C_/Users/thanh/pico/pico-sdk/src/rp2_common/pico_runtime_init/runtime_init.c.obj
                0x10004a0c                __pre_init_runtime_init_spin_locks_reset
 .preinit_array.01100
                0x10004a10        0x4 CMakeFiles/lcd_i2c_project.dir/C_/Users/thanh/pico/pico-sdk/src/common/pico_sync/mutex.c.obj
                0x10004a10                __pre_init_runtime_init_mutex
 .preinit_array.10080
                0x10004a14        0x4 CMakeFiles/lcd_i2c_project.dir/C_/Users/thanh/pico/pico-sdk/src/rp2_common/pico_runtime_init/runtime_init.c.obj
                0x10004a14                __pre_init_runtime_init_install_ram_vector_table
 .preinit_array.11000
                0x10004a18        0x4 CMakeFiles/lcd_i2c_project.dir/C_/Users/thanh/pico/pico-sdk/src/common/pico_time/time.c.obj
                0x10004a18                __pre_init_runtime_init_default_alarm_pool
 .preinit_array.YYYYY
                0x10004a1c        0x4 CMakeFiles/lcd_i2c_project.dir/C_/Users/thanh/pico/pico-sdk/src/rp2_common/pico_runtime/runtime.c.obj
                0x10004a1c                __pre_init_first_per_core_initializer
 .preinit_array.ZZZZZ.01200
                0x10004a20        0x4 CMakeFiles/lcd_i2c_project.dir/C_/Users/thanh/pico/pico-sdk/src/rp2_common/hardware_irq/irq.c.obj
                0x10004a20                __pre_init_runtime_init_per_core_irq_priorities
 *(.preinit_array)
                0x10004a24                PROVIDE (__preinit_array_end = .)
                0x10004a24                . = ALIGN (0x4)
                0x10004a24                PROVIDE (__init_array_start = .)
 *(SORT_BY_NAME(.init_array.*))
 *(.init_array)
 .init_array    0x10004a24        0x4 c:/progra~2/gnuarm~1/102021~1.10/bin/../lib/gcc/arm-none-eabi/10.3.1/thumb/v6-m/nofp/crtbegin.o
                0x10004a28                PROVIDE (__init_array_end = .)
                0x10004a28                . = ALIGN (0x4)
                [!provide]                PROVIDE (__fini_array_start = .)
 *(SORT_BY_NAME(.fini_array.*))
 *(.fini_array)
                [!provide]                PROVIDE (__fini_array_end = .)
 *(.eh_frame*)
 .eh_frame      0x10004a28        0x0 c:/progra~2/gnuarm~1/102021~1.10/bin/../lib/gcc/arm-none-eabi/10.3.1/thumb/v6-m/nofp/crtbegin.o
                0x10004a28                . = ALIGN (0x4)

.glue_7         0x10004a28        0x0
 .glue_7        0x10004a28        0x0 linker stubs

.glue_7t        0x10004a28        0x0
 .glue_7t       0x10004a28        0x0 linker stubs

.vfp11_veneer   0x10004a28        0x0
 .vfp11_veneer  0x10004a28        0x0 linker stubs

.v4_bx          0x10004a28        0x0
 .v4_bx         0x10004a28        0x0 linker stubs

.iplt           0x10004a28        0x0
 .iplt          0x10004a28        0x0 c:/progra~2/gnuarm~1/102021~1.10/bin/../lib/gcc/arm-none-eabi/10.3.1/thumb/v6-m/nofp/crtbegin.o

.rodata         0x10004a28      0xc00
 *(EXCLUDE_FILE(*libm.a: *libc.a:*lib_a-mem*.o *libgcc.a:) .rodata*)
 .rodata.show_lcd.str1.4
                0x10004a28       0x2f CMakeFiles/lcd_i2c_project.dir/main.c.obj
 *fill*         0x10004a57        0x1 
 .rodata.gpio_add_raw_irq_handler_with_order_priority_masked.str1.4
                0x10004a58       0x6d CMakeFiles/lcd_i2c_project.dir/C_/Users/thanh/pico/pico-sdk/src/rp2_common/hardware_gpio/gpio.c.obj
 *fill*         0x10004ac5        0x3 
 .rodata.gpio_set_irq_enabled.str1.4
                0x10004ac8       0x2a CMakeFiles/lcd_i2c_project.dir/C_/Users/thanh/pico/pico-sdk/src/rp2_common/hardware_gpio/gpio.c.obj
 *fill*         0x10004af2        0x2 
 .rodata.__func__.4
                0x10004af4       0x15 CMakeFiles/lcd_i2c_project.dir/C_/Users/thanh/pico/pico-sdk/src/rp2_common/hardware_gpio/gpio.c.obj
 *fill*         0x10004b09        0x3 
 .rodata.panic.str1.4
                0x10004b0c       0x12 CMakeFiles/lcd_i2c_project.dir/C_/Users/thanh/pico/pico-sdk/src/rp2_common/pico_platform_panic/panic.c.obj
 *fill*         0x10004b1e        0x2 
 .rodata.make_j_16.str1.4
                0x10004b20       0x6f CMakeFiles/lcd_i2c_project.dir/C_/Users/thanh/pico/pico-sdk/src/rp2_common/hardware_irq/irq.c.obj
 *fill*         0x10004b8f        0x1 
 .rodata.insert_bl_32.str1.4
                0x10004b90       0x10 CMakeFiles/lcd_i2c_project.dir/C_/Users/thanh/pico/pico-sdk/src/rp2_common/hardware_irq/irq.c.obj
 .rodata.irq_set_exclusive_handler.str1.4
                0x10004ba0       0x36 CMakeFiles/lcd_i2c_project.dir/C_/Users/thanh/pico/pico-sdk/src/rp2_common/hardware_irq/irq.c.obj
 *fill*         0x10004bd6        0x2 
 .rodata.irq_add_shared_handler.str1.4
                0x10004bd8       0xe9 CMakeFiles/lcd_i2c_project.dir/C_/Users/thanh/pico/pico-sdk/src/rp2_common/hardware_irq/irq.c.obj
 *fill*         0x10004cc1        0x3 
 .rodata.irq_remove_handler.str1.4
                0x10004cc4       0x3a CMakeFiles/lcd_i2c_project.dir/C_/Users/thanh/pico/pico-sdk/src/rp2_common/hardware_irq/irq.c.obj
 *fill*         0x10004cfe        0x2 
 .rodata.irq_add_tail_to_free_list.str1.4
                0x10004d00       0x3a CMakeFiles/lcd_i2c_project.dir/C_/Users/thanh/pico/pico-sdk/src/rp2_common/hardware_irq/irq.c.obj
 *fill*         0x10004d3a        0x2 
 .rodata.__func__.0
                0x10004d3c       0x1a CMakeFiles/lcd_i2c_project.dir/C_/Users/thanh/pico/pico-sdk/src/rp2_common/hardware_irq/irq.c.obj
 *fill*         0x10004d56        0x2 
 .rodata.__func__.1
                0x10004d58        0xd CMakeFiles/lcd_i2c_project.dir/C_/Users/thanh/pico/pico-sdk/src/rp2_common/hardware_irq/irq.c.obj
 *fill*         0x10004d65        0x3 
 .rodata.__func__.2
                0x10004d68       0x13 CMakeFiles/lcd_i2c_project.dir/C_/Users/thanh/pico/pico-sdk/src/rp2_common/hardware_irq/irq.c.obj
 *fill*         0x10004d7b        0x1 
 .rodata.__func__.3
                0x10004d7c        0xa CMakeFiles/lcd_i2c_project.dir/C_/Users/thanh/pico/pico-sdk/src/rp2_common/hardware_irq/irq.c.obj
 *fill*         0x10004d86        0x2 
 .rodata.__func__.4
                0x10004d88        0xd CMakeFiles/lcd_i2c_project.dir/C_/Users/thanh/pico/pico-sdk/src/rp2_common/hardware_irq/irq.c.obj
 *fill*         0x10004d95        0x3 
 .rodata.__func__.5
                0x10004d98       0x17 CMakeFiles/lcd_i2c_project.dir/C_/Users/thanh/pico/pico-sdk/src/rp2_common/hardware_irq/irq.c.obj
 *fill*         0x10004daf        0x1 
 .rodata.__func__.6
                0x10004db0       0x1a CMakeFiles/lcd_i2c_project.dir/C_/Users/thanh/pico/pico-sdk/src/rp2_common/hardware_irq/irq.c.obj
 *fill*         0x10004dca        0x2 
 .rodata.runtime_init_mutex.str1.4
                0x10004dcc       0x5a CMakeFiles/lcd_i2c_project.dir/C_/Users/thanh/pico/pico-sdk/src/common/pico_sync/mutex.c.obj
 *fill*         0x10004e26        0x2 
 .rodata.str1.4
                0x10004e28       0x51 CMakeFiles/lcd_i2c_project.dir/C_/Users/thanh/pico/pico-sdk/src/common/pico_sync/mutex.c.obj
 *fill*         0x10004e79        0x3 
 .rodata.__func__.1
                0x10004e7c        0xb CMakeFiles/lcd_i2c_project.dir/C_/Users/thanh/pico/pico-sdk/src/common/pico_sync/mutex.c.obj
 *fill*         0x10004e87        0x1 
 .rodata.__func__.3
                0x10004e88       0x18 CMakeFiles/lcd_i2c_project.dir/C_/Users/thanh/pico/pico-sdk/src/common/pico_sync/mutex.c.obj
 .rodata.__func__.6
                0x10004ea0       0x13 CMakeFiles/lcd_i2c_project.dir/C_/Users/thanh/pico/pico-sdk/src/common/pico_sync/mutex.c.obj
 *fill*         0x10004eb3        0x1 
 .rodata.alarm_pool_irq_handler.str1.4
                0x10004eb4       0x65 CMakeFiles/lcd_i2c_project.dir/C_/Users/thanh/pico/pico-sdk/src/common/pico_time/time.c.obj
 *fill*         0x10004f19        0x3 
 .rodata.alarm_pool_get_default.str1.4
                0x10004f1c       0x21 CMakeFiles/lcd_i2c_project.dir/C_/Users/thanh/pico/pico-sdk/src/common/pico_time/time.c.obj
 *fill*         0x10004f3d        0x3 
 .rodata.sleep_until.str1.4
                0x10004f40       0x4d CMakeFiles/lcd_i2c_project.dir/C_/Users/thanh/pico/pico-sdk/src/common/pico_time/time.c.obj
 *fill*         0x10004f8d        0x3 
 .rodata.__func__.1
                0x10004f90       0x17 CMakeFiles/lcd_i2c_project.dir/C_/Users/thanh/pico/pico-sdk/src/common/pico_time/time.c.obj
 *fill*         0x10004fa7        0x1 
 .rodata.__func__.2
                0x10004fa8       0x17 CMakeFiles/lcd_i2c_project.dir/C_/Users/thanh/pico/pico-sdk/src/common/pico_time/time.c.obj
 *fill*         0x10004fbf        0x1 
 .rodata.timer_hardware_alarm_claim.str1.4
                0x10004fc0       0x22 CMakeFiles/lcd_i2c_project.dir/C_/Users/thanh/pico/pico-sdk/src/rp2_common/hardware_timer/timer.c.obj
 *fill*         0x10004fe2        0x2 
 .rodata.pll_init.str1.4
                0x10004fe4      0x114 CMakeFiles/lcd_i2c_project.dir/C_/Users/thanh/pico/pico-sdk/src/rp2_common/hardware_pll/pll.c.obj
 .rodata.__func__.0
                0x100050f8        0x9 CMakeFiles/lcd_i2c_project.dir/C_/Users/thanh/pico/pico-sdk/src/rp2_common/hardware_pll/pll.c.obj
 *fill*         0x10005101        0x3 
 .rodata.__aeabi_double_init.str1.4
                0x10005104       0x95 CMakeFiles/lcd_i2c_project.dir/C_/Users/thanh/pico/pico-sdk/src/rp2_common/pico_double/double_init_rom_rp2040.c.obj
 *fill*         0x10005199        0x3 
 .rodata.__func__.0
                0x1000519c       0x14 CMakeFiles/lcd_i2c_project.dir/C_/Users/thanh/pico/pico-sdk/src/rp2_common/pico_double/double_init_rom_rp2040.c.obj
 .rodata.__aeabi_float_init.str1.4
                0x100051b0       0x83 CMakeFiles/lcd_i2c_project.dir/C_/Users/thanh/pico/pico-sdk/src/rp2_common/pico_float/float_init_rom_rp2040.c.obj
                                 0x87 (size before relaxing)
 *fill*         0x10005233        0x1 
 .rodata.__func__.0
                0x10005234       0x13 CMakeFiles/lcd_i2c_project.dir/C_/Users/thanh/pico/pico-sdk/src/rp2_common/pico_float/float_init_rom_rp2040.c.obj
 *fill*         0x10005247        0x1 
 .rodata.str1.4
                0x10005248       0x44 CMakeFiles/lcd_i2c_project.dir/C_/Users/thanh/pico/pico-sdk/src/rp2_common/pico_standard_binary_info/standard_binary_info.c.obj
 .rodata.__bi_26
                0x1000528c        0xc CMakeFiles/lcd_i2c_project.dir/C_/Users/thanh/pico/pico-sdk/src/rp2_common/pico_standard_binary_info/standard_binary_info.c.obj
 .rodata.__bi_34
                0x10005298        0xc CMakeFiles/lcd_i2c_project.dir/C_/Users/thanh/pico/pico-sdk/src/rp2_common/pico_standard_binary_info/standard_binary_info.c.obj
 .rodata.__bi_42
                0x100052a4        0xc CMakeFiles/lcd_i2c_project.dir/C_/Users/thanh/pico/pico-sdk/src/rp2_common/pico_standard_binary_info/standard_binary_info.c.obj
 .rodata.__bi_48
                0x100052b0        0xc CMakeFiles/lcd_i2c_project.dir/C_/Users/thanh/pico/pico-sdk/src/rp2_common/pico_standard_binary_info/standard_binary_info.c.obj
 .rodata.__bi_54
                0x100052bc        0xc CMakeFiles/lcd_i2c_project.dir/C_/Users/thanh/pico/pico-sdk/src/rp2_common/pico_standard_binary_info/standard_binary_info.c.obj
 .rodata.__bi_78
                0x100052c8        0xc CMakeFiles/lcd_i2c_project.dir/C_/Users/thanh/pico/pico-sdk/src/rp2_common/pico_standard_binary_info/standard_binary_info.c.obj
 .rodata.__bi_84
                0x100052d4        0xc CMakeFiles/lcd_i2c_project.dir/C_/Users/thanh/pico/pico-sdk/src/rp2_common/pico_standard_binary_info/standard_binary_info.c.obj
 .rodata._ftoa.str1.4
                0x100052e0       0x15 CMakeFiles/lcd_i2c_project.dir/C_/Users/thanh/pico/pico-sdk/src/rp2_common/pico_printf/printf.c.obj
 *fill*         0x100052f5        0x3 
 .rodata._vsnprintf
                0x100052f8      0x1e0 CMakeFiles/lcd_i2c_project.dir/C_/Users/thanh/pico/pico-sdk/src/rp2_common/pico_printf/printf.c.obj
 .rodata.pow10.0
                0x100054d8       0x50 CMakeFiles/lcd_i2c_project.dir/C_/Users/thanh/pico/pico-sdk/src/rp2_common/pico_printf/printf.c.obj
 .rodata.__assert_func.str1.4
                0x10005528       0x3f CMakeFiles/lcd_i2c_project.dir/C_/Users/thanh/pico/pico-sdk/src/rp2_common/pico_clib_interface/newlib_interface.c.obj
                                 0x43 (size before relaxing)
 *fill*         0x10005567        0x1 
 .rodata.crlf_str.0
                0x10005568        0x2 CMakeFiles/lcd_i2c_project.dir/C_/Users/thanh/pico/pico-sdk/src/rp2_common/pico_stdio/stdio.c.obj
 *fill*         0x1000556a        0x2 
 .rodata.str1.4
                0x1000556c       0x2c CMakeFiles/lcd_i2c_project.dir/C_/Users/thanh/pico/pico-sdk/src/rp2_common/pico_stdio_uart/stdio_uart.c.obj
 .rodata.__bi_45.4
                0x10005598        0xc CMakeFiles/lcd_i2c_project.dir/C_/Users/thanh/pico/pico-sdk/src/rp2_common/pico_stdio_uart/stdio_uart.c.obj
 .rodata.__bi_49.5
                0x100055a4        0x8 CMakeFiles/lcd_i2c_project.dir/C_/Users/thanh/pico/pico-sdk/src/rp2_common/pico_stdio_uart/stdio_uart.c.obj
 .rodata.__bi_50.6
                0x100055ac        0x8 CMakeFiles/lcd_i2c_project.dir/C_/Users/thanh/pico/pico-sdk/src/rp2_common/pico_stdio_uart/stdio_uart.c.obj
 .rodata.i2c_set_baudrate.str1.4
                0x100055b4       0x5f CMakeFiles/lcd_i2c_project.dir/C_/Users/thanh/pico/pico-sdk/src/rp2_common/hardware_i2c/i2c.c.obj
 *fill*         0x10005613        0x1 
 .rodata.__func__.0
                0x10005614       0x11 CMakeFiles/lcd_i2c_project.dir/C_/Users/thanh/pico/pico-sdk/src/rp2_common/hardware_i2c/i2c.c.obj
                0x10005628                . = ALIGN (0x4)
 *fill*         0x10005625        0x3 
 *(SORT_BY_ALIGNMENT(SORT_BY_NAME(.flashdata*)))
                0x10005628                . = ALIGN (0x4)

.ARM.extab
 *(.ARM.extab* .gnu.linkonce.armextab.*)
                0x10005628                __exidx_start = .

.ARM.exidx
 *(.ARM.exidx* .gnu.linkonce.armexidx.*)
                0x10005628                __exidx_end = .
                0x10005628                . = ALIGN (0x4)
                0x10005628                __binary_info_start = .

.binary_info    0x10005628       0x28
 *(.binary_info.keep.*)
 .binary_info.keep.__bi_ptr26
                0x10005628        0x4 CMakeFiles/lcd_i2c_project.dir/C_/Users/thanh/pico/pico-sdk/src/rp2_common/pico_standard_binary_info/standard_binary_info.c.obj
 .binary_info.keep.__bi_ptr34
                0x1000562c        0x4 CMakeFiles/lcd_i2c_project.dir/C_/Users/thanh/pico/pico-sdk/src/rp2_common/pico_standard_binary_info/standard_binary_info.c.obj
 .binary_info.keep.__bi_ptr42
                0x10005630        0x4 CMakeFiles/lcd_i2c_project.dir/C_/Users/thanh/pico/pico-sdk/src/rp2_common/pico_standard_binary_info/standard_binary_info.c.obj
 .binary_info.keep.__bi_ptr48
                0x10005634        0x4 CMakeFiles/lcd_i2c_project.dir/C_/Users/thanh/pico/pico-sdk/src/rp2_common/pico_standard_binary_info/standard_binary_info.c.obj
 .binary_info.keep.__bi_ptr54
                0x10005638        0x4 CMakeFiles/lcd_i2c_project.dir/C_/Users/thanh/pico/pico-sdk/src/rp2_common/pico_standard_binary_info/standard_binary_info.c.obj
 .binary_info.keep.__bi_ptr78
                0x1000563c        0x4 CMakeFiles/lcd_i2c_project.dir/C_/Users/thanh/pico/pico-sdk/src/rp2_common/pico_standard_binary_info/standard_binary_info.c.obj
 .binary_info.keep.__bi_ptr84
                0x10005640        0x4 CMakeFiles/lcd_i2c_project.dir/C_/Users/thanh/pico/pico-sdk/src/rp2_common/pico_standard_binary_info/standard_binary_info.c.obj
 *(.binary_info.*)
 .binary_info.__bi_ptr45
                0x10005644        0x4 CMakeFiles/lcd_i2c_project.dir/C_/Users/thanh/pico/pico-sdk/src/rp2_common/pico_stdio_uart/stdio_uart.c.obj
 .binary_info.__bi_ptr49
                0x10005648        0x4 CMakeFiles/lcd_i2c_project.dir/C_/Users/thanh/pico/pico-sdk/src/rp2_common/pico_stdio_uart/stdio_uart.c.obj
 .binary_info.__bi_ptr50
                0x1000564c        0x4 CMakeFiles/lcd_i2c_project.dir/C_/Users/thanh/pico/pico-sdk/src/rp2_common/pico_stdio_uart/stdio_uart.c.obj
                0x10005650                __binary_info_end = .

.rel.dyn        0x10005650        0x0
 .rel.iplt      0x10005650        0x0 c:/progra~2/gnuarm~1/102021~1.10/bin/../lib/gcc/arm-none-eabi/10.3.1/thumb/v6-m/nofp/crtbegin.o
                0x10005650                . = ALIGN (0x4)

.ram_vector_table
                0x20000000       0xc0
 *(.ram_vector_table)
 .ram_vector_table
                0x20000000       0xc0 CMakeFiles/lcd_i2c_project.dir/C_/Users/thanh/pico/pico-sdk/src/rp2_common/pico_runtime_init/runtime_init.c.obj
                0x20000000                ram_vector_table

.uninitialized_data
                0x200000c0        0x0
                0x200000c0                . = ALIGN (0x4)
 *(.uninitialized_data*)

.data           0x200000c0      0x228 load address 0x10005650
                0x200000c0                __data_start__ = .
 *(vtable)
 *(.time_critical*)
 .time_critical.mutex_try_enter
                0x200000c0       0x46 CMakeFiles/lcd_i2c_project.dir/C_/Users/thanh/pico/pico-sdk/src/common/pico_sync/mutex.c.obj
                0x200000c0                mutex_try_enter
 *fill*         0x20000106        0x2 
 .time_critical.mutex_enter_block_until
                0x20000108       0x8c CMakeFiles/lcd_i2c_project.dir/C_/Users/thanh/pico/pico-sdk/src/common/pico_sync/mutex.c.obj
                0x20000108                mutex_enter_block_until
 .time_critical.mutex_try_enter_block_until
                0x20000194       0x34 CMakeFiles/lcd_i2c_project.dir/C_/Users/thanh/pico/pico-sdk/src/common/pico_sync/mutex.c.obj
                0x20000194                mutex_try_enter_block_until
 .time_critical.mutex_exit
                0x200001c8       0x4c CMakeFiles/lcd_i2c_project.dir/C_/Users/thanh/pico/pico-sdk/src/common/pico_sync/mutex.c.obj
                0x200001c8                mutex_exit
 *(.text*)
 .text          0x20000214        0x4 c:/progra~2/gnuarm~1/102021~1.10/bin/../lib/gcc/arm-none-eabi/10.3.1/thumb/v6-m/nofp\libgcc.a(_dvmd_tls.o)
                0x20000214                __aeabi_idiv0
                0x20000214                __aeabi_ldiv0
 .text.__stub   0x20000218       0x20 linker stubs
                0x20000238                . = ALIGN (0x4)
 *(.rodata*)
                0x20000238                . = ALIGN (0x4)
 *(.data*)
 .data.lcd_addr
                0x20000238        0x1 CMakeFiles/lcd_i2c_project.dir/lib/lcd_i2c.c.obj
 .data.striped_spin_lock_num
                0x20000239        0x1 CMakeFiles/lcd_i2c_project.dir/C_/Users/thanh/pico/pico-sdk/src/rp2_common/hardware_sync/sync.c.obj
 *fill*         0x2000023a        0x2 
 .data          0x2000023c       0x48 CMakeFiles/lcd_i2c_project.dir/C_/Users/thanh/pico/pico-sdk/src/rp2_common/hardware_irq/irq_handler_chain.S.obj
                0x2000023c                irq_handler_chain_slots
                0x2000026c                irq_handler_chain_first_slot
                0x20000276                irq_handler_chain_remove_tail
 .data.default_alarm_pool
                0x20000284       0x18 CMakeFiles/lcd_i2c_project.dir/C_/Users/thanh/pico/pico-sdk/src/common/pico_time/time.c.obj
 *fill*         0x2000029c        0x4 
 .data.aeabi_bits_funcs
                0x200002a0       0x10 CMakeFiles/lcd_i2c_project.dir/C_/Users/thanh/pico/pico-sdk/src/rp2_common/pico_bit_ops/bit_ops_aeabi.S.obj
                0x200002a0                aeabi_bits_funcs
                0x200002b0                aeabi_bits_funcs_end
 .data.aeabi_mem_funcs
                0x200002b0       0x10 CMakeFiles/lcd_i2c_project.dir/C_/Users/thanh/pico/pico-sdk/src/rp2_common/pico_mem_ops/mem_ops_aeabi.S.obj
                0x200002b0                aeabi_mem_funcs
                0x200002c0                aeabi_mem_funcs_end
 .data.stdio_uart
                0x200002c0       0x18 CMakeFiles/lcd_i2c_project.dir/C_/Users/thanh/pico/pico-sdk/src/rp2_common/pico_stdio_uart/stdio_uart.c.obj
                0x200002c0                stdio_uart
 .data.i2c0_inst
                0x200002d8        0x8 CMakeFiles/lcd_i2c_project.dir/C_/Users/thanh/pico/pico-sdk/src/rp2_common/hardware_i2c/i2c.c.obj
                0x200002d8                i2c0_inst
                0x200002e0                . = ALIGN (0x4)
 *(.after_data.*)
                0x200002e0                . = ALIGN (0x4)
                0x200002e0                PROVIDE (__mutex_array_start = .)
 *(SORT_BY_NAME(.mutex_array.*))
 *(.mutex_array)
 .mutex_array   0x200002e0        0x8 CMakeFiles/lcd_i2c_project.dir/C_/Users/thanh/pico/pico-sdk/src/rp2_common/pico_stdio/stdio.c.obj
                0x200002e8                PROVIDE (__mutex_array_end = .)
                0x200002e8                . = ALIGN (0x4)
 *(.jcr)
                0x200002e8                . = ALIGN (0x4)

.igot.plt       0x200002e8        0x0 load address 0x10005878
 .igot.plt      0x200002e8        0x0 c:/progra~2/gnuarm~1/102021~1.10/bin/../lib/gcc/arm-none-eabi/10.3.1/thumb/v6-m/nofp/crtbegin.o

.tdata          0x200002e8        0x0 load address 0x10005878
                0x200002e8                . = ALIGN (0x4)
 *(.tdata .tdata.* .gnu.linkonce.td.*)
                0x200002e8                __tdata_end = .
                0x200002e8                PROVIDE (__data_end__ = .)
                0x10005650                __etext = LOADADDR (.data)

.tbss           0x200002e8        0x0 load address 0x10005878
                0x200002e8                . = ALIGN (0x4)
                0x200002e8                __bss_start__ = .
                0x200002e8                __tls_base = .
 *(.tbss .tbss.* .gnu.linkonce.tb.*)
 *(.tcommon)
                0x200002e8                __tls_end = .

.bss            0x200002e8      0x41c load address 0x10005878
                0x200002e8                . = ALIGN (0x4)
                0x200002e8                __tbss_end = .
 *(SORT_BY_ALIGNMENT(SORT_BY_NAME(.bss*)))
 .bss.default_alarm_pool_entries
                0x200002e8      0x180 CMakeFiles/lcd_i2c_project.dir/C_/Users/thanh/pico/pico-sdk/src/common/pico_time/time.c.obj
 .bss.last_interrupt_time
                0x20000468        0x8 CMakeFiles/lcd_i2c_project.dir/main.c.obj
                0x20000468                last_interrupt_time
 .bss           0x20000470       0x1c c:/progra~2/gnuarm~1/102021~1.10/bin/../lib/gcc/arm-none-eabi/10.3.1/thumb/v6-m/nofp/crtbegin.o
 .bss.callbacks
                0x2000048c        0x8 CMakeFiles/lcd_i2c_project.dir/C_/Users/thanh/pico/pico-sdk/src/rp2_common/hardware_gpio/gpio.c.obj
 .bss.chars_available_callback
                0x20000494        0x4 CMakeFiles/lcd_i2c_project.dir/C_/Users/thanh/pico/pico-sdk/src/rp2_common/pico_stdio_uart/stdio_uart.c.obj
 .bss.chars_available_param
                0x20000498        0x4 CMakeFiles/lcd_i2c_project.dir/C_/Users/thanh/pico/pico-sdk/src/rp2_common/pico_stdio_uart/stdio_uart.c.obj
 .bss.claimed   0x2000049c        0x1 CMakeFiles/lcd_i2c_project.dir/C_/Users/thanh/pico/pico-sdk/src/rp2_common/hardware_timer/timer.c.obj
 *fill*         0x2000049d        0x3 
 .bss.configured_freq
                0x200004a0       0x28 CMakeFiles/lcd_i2c_project.dir/C_/Users/thanh/pico/pico-sdk/src/rp2_common/hardware_clocks/clocks.c.obj
 .bss.drivers   0x200004c8        0x4 CMakeFiles/lcd_i2c_project.dir/C_/Users/thanh/pico/pico-sdk/src/rp2_common/pico_stdio/stdio.c.obj
 .bss.filter    0x200004cc        0x4 CMakeFiles/lcd_i2c_project.dir/C_/Users/thanh/pico/pico-sdk/src/rp2_common/pico_stdio/stdio.c.obj
 .bss.lcd_i2c   0x200004d0        0x4 CMakeFiles/lcd_i2c_project.dir/lib/lcd_i2c.c.obj
 .bss.pools     0x200004d4       0x10 CMakeFiles/lcd_i2c_project.dir/C_/Users/thanh/pico/pico-sdk/src/common/pico_time/time.c.obj
 .bss.raw_irq_mask
                0x200004e4        0x8 CMakeFiles/lcd_i2c_project.dir/C_/Users/thanh/pico/pico-sdk/src/rp2_common/hardware_gpio/gpio.c.obj
 .bss.sd_table  0x200004ec      0x100 CMakeFiles/lcd_i2c_project.dir/C_/Users/thanh/pico/pico-sdk/src/rp2_common/pico_double/double_init_rom_rp2040.c.obj
                0x200004ec                sd_table
 .bss.sf_clz_func
                0x200005ec        0x4 CMakeFiles/lcd_i2c_project.dir/C_/Users/thanh/pico/pico-sdk/src/rp2_common/pico_double/double_init_rom_rp2040.c.obj
                0x200005ec                sf_clz_func
 .bss.sf_table  0x200005f0      0x100 CMakeFiles/lcd_i2c_project.dir/C_/Users/thanh/pico/pico-sdk/src/rp2_common/pico_float/float_init_rom_rp2040.c.obj
                0x200005f0                sf_table
 .bss.sleep_notifier
                0x200006f0        0x4 CMakeFiles/lcd_i2c_project.dir/C_/Users/thanh/pico/pico-sdk/src/common/pico_time/time.c.obj
 .bss.tip_count
                0x200006f4        0x4 CMakeFiles/lcd_i2c_project.dir/main.c.obj
                0x200006f4                tip_count
 .bss.uart_char_to_line_feed
                0x200006f8        0x4 CMakeFiles/lcd_i2c_project.dir/C_/Users/thanh/pico/pico-sdk/src/rp2_common/hardware_uart/uart.c.obj
                0x200006f8                uart_char_to_line_feed
 .bss.uart_instance
                0x200006fc        0x4 CMakeFiles/lcd_i2c_project.dir/C_/Users/thanh/pico/pico-sdk/src/rp2_common/pico_stdio_uart/stdio_uart.c.obj
 .bss.irq_handler_chain_free_slot_head
                0x20000700        0x1 CMakeFiles/lcd_i2c_project.dir/C_/Users/thanh/pico/pico-sdk/src/rp2_common/hardware_irq/irq.c.obj
 *(COMMON)
                0x20000704                . = ALIGN (0x4)
 *fill*         0x20000701        0x3 
                0x20000704                __bss_end__ = .

.heap           0x20000704      0x800 load address 0x10005878
                0x20000704                __end__ = .
                0x20000704                end = __end__
 *(.heap*)
 .heap          0x20000704      0x800 CMakeFiles/lcd_i2c_project.dir/C_/Users/thanh/pico/pico-sdk/src/rp2_common/pico_crt0/crt0.S.obj
                0x20040000                __HeapLimit = (ORIGIN (RAM) + LENGTH (RAM))

.scratch_x      0x20040000        0x0 load address 0x10005878
                0x20040000                __scratch_x_start__ = .
 *(.scratch_x.*)
                0x20040000                . = ALIGN (0x4)
                0x20040000                __scratch_x_end__ = .
                0x10005878                __scratch_x_source__ = LOADADDR (.scratch_x)

.scratch_y      0x20041000        0x0 load address 0x10005878
                0x20041000                __scratch_y_start__ = .
 *(.scratch_y.*)
                0x20041000                . = ALIGN (0x4)
                0x20041000                __scratch_y_end__ = .
                0x10005878                __scratch_y_source__ = LOADADDR (.scratch_y)

.stack1_dummy   0x20040000        0x0
 *(.stack1*)

.stack_dummy    0x20041000      0x800
 *(.stack*)
 .stack         0x20041000      0x800 CMakeFiles/lcd_i2c_project.dir/C_/Users/thanh/pico/pico-sdk/src/rp2_common/pico_crt0/crt0.S.obj

.flash_end      0x10005878        0x0
 *(.embedded_end_block*)
                0x10005878                PROVIDE (__flash_binary_end = .)
                0x20040000                __StackLimit = (ORIGIN (RAM) + LENGTH (RAM))
                0x20041000                __StackOneTop = (ORIGIN (SCRATCH_X) + LENGTH (SCRATCH_X))
                0x20042000                __StackTop = (ORIGIN (SCRATCH_Y) + LENGTH (SCRATCH_Y))
                0x20041000                __StackOneBottom = (__StackOneTop - SIZEOF (.stack1_dummy))
                0x20041800                __StackBottom = (__StackTop - SIZEOF (.stack_dummy))
                0x20042000                PROVIDE (__stack = __StackTop)
                [!provide]                PROVIDE (__heap_start = __end__)
                [!provide]                PROVIDE (__heap_end = __HeapLimit)
                [!provide]                PROVIDE (__tls_align = MAX (ALIGNOF (.tdata), ALIGNOF (.tbss)))
                [!provide]                PROVIDE (__tls_size_align = (((__tls_size + __tls_align) - 0x1) & ~ ((__tls_align - 0x1))))
                [!provide]                PROVIDE (__arm32_tls_tcb_offset = MAX (0x8, __tls_align))
                [!provide]                PROVIDE (_end = __end__)
                [!provide]                PROVIDE (__llvm_libc_heap_limit = __HeapLimit)
                0x00000001                ASSERT ((__StackLimit >= __HeapLimit), region RAM overflowed)
                0x00000001                ASSERT (((__binary_info_header_end - __logical_binary_start) <= 0x100), Binary info must be in first 256 bytes of the binary)
LOAD CMakeFiles/lcd_i2c_project.dir/main.c.obj
LOAD CMakeFiles/lcd_i2c_project.dir/lib/lcd_i2c.c.obj
LOAD CMakeFiles/lcd_i2c_project.dir/C_/Users/thanh/pico/pico-sdk/src/rp2_common/pico_stdlib/stdlib.c.obj
LOAD CMakeFiles/lcd_i2c_project.dir/C_/Users/thanh/pico/pico-sdk/src/rp2_common/hardware_gpio/gpio.c.obj
LOAD CMakeFiles/lcd_i2c_project.dir/C_/Users/thanh/pico/pico-sdk/src/rp2040/pico_platform/platform.c.obj
LOAD CMakeFiles/lcd_i2c_project.dir/C_/Users/thanh/pico/pico-sdk/src/rp2_common/pico_platform_panic/panic.c.obj
LOAD CMakeFiles/lcd_i2c_project.dir/C_/Users/thanh/pico/pico-sdk/src/common/hardware_claim/claim.c.obj
LOAD CMakeFiles/lcd_i2c_project.dir/C_/Users/thanh/pico/pico-sdk/src/rp2_common/hardware_sync/sync.c.obj
LOAD CMakeFiles/lcd_i2c_project.dir/C_/Users/thanh/pico/pico-sdk/src/rp2_common/hardware_sync_spin_lock/sync_spin_lock.c.obj
LOAD CMakeFiles/lcd_i2c_project.dir/C_/Users/thanh/pico/pico-sdk/src/rp2_common/hardware_irq/irq.c.obj
LOAD CMakeFiles/lcd_i2c_project.dir/C_/Users/thanh/pico/pico-sdk/src/rp2_common/hardware_irq/irq_handler_chain.S.obj
LOAD CMakeFiles/lcd_i2c_project.dir/C_/Users/thanh/pico/pico-sdk/src/common/pico_sync/sem.c.obj
LOAD CMakeFiles/lcd_i2c_project.dir/C_/Users/thanh/pico/pico-sdk/src/common/pico_sync/lock_core.c.obj
LOAD CMakeFiles/lcd_i2c_project.dir/C_/Users/thanh/pico/pico-sdk/src/common/pico_sync/mutex.c.obj
LOAD CMakeFiles/lcd_i2c_project.dir/C_/Users/thanh/pico/pico-sdk/src/common/pico_sync/critical_section.c.obj
LOAD CMakeFiles/lcd_i2c_project.dir/C_/Users/thanh/pico/pico-sdk/src/common/pico_time/time.c.obj
LOAD CMakeFiles/lcd_i2c_project.dir/C_/Users/thanh/pico/pico-sdk/src/common/pico_time/timeout_helper.c.obj
LOAD CMakeFiles/lcd_i2c_project.dir/C_/Users/thanh/pico/pico-sdk/src/rp2_common/hardware_timer/timer.c.obj
LOAD CMakeFiles/lcd_i2c_project.dir/C_/Users/thanh/pico/pico-sdk/src/common/pico_util/datetime.c.obj
LOAD CMakeFiles/lcd_i2c_project.dir/C_/Users/thanh/pico/pico-sdk/src/common/pico_util/pheap.c.obj
LOAD CMakeFiles/lcd_i2c_project.dir/C_/Users/thanh/pico/pico-sdk/src/common/pico_util/queue.c.obj
LOAD CMakeFiles/lcd_i2c_project.dir/C_/Users/thanh/pico/pico-sdk/src/rp2_common/hardware_uart/uart.c.obj
LOAD CMakeFiles/lcd_i2c_project.dir/C_/Users/thanh/pico/pico-sdk/src/rp2_common/hardware_clocks/clocks.c.obj
LOAD CMakeFiles/lcd_i2c_project.dir/C_/Users/thanh/pico/pico-sdk/src/rp2_common/hardware_pll/pll.c.obj
LOAD CMakeFiles/lcd_i2c_project.dir/C_/Users/thanh/pico/pico-sdk/src/rp2_common/hardware_vreg/vreg.c.obj
LOAD CMakeFiles/lcd_i2c_project.dir/C_/Users/thanh/pico/pico-sdk/src/rp2_common/hardware_watchdog/watchdog.c.obj
LOAD CMakeFiles/lcd_i2c_project.dir/C_/Users/thanh/pico/pico-sdk/src/rp2_common/hardware_ticks/ticks.c.obj
LOAD CMakeFiles/lcd_i2c_project.dir/C_/Users/thanh/pico/pico-sdk/src/rp2_common/pico_bootrom/bootrom.c.obj
LOAD CMakeFiles/lcd_i2c_project.dir/C_/Users/thanh/pico/pico-sdk/src/rp2_common/pico_bootrom/bootrom_lock.c.obj
LOAD CMakeFiles/lcd_i2c_project.dir/C_/Users/thanh/pico/pico-sdk/src/rp2_common/hardware_boot_lock/boot_lock.c.obj
LOAD CMakeFiles/lcd_i2c_project.dir/C_/Users/thanh/pico/pico-sdk/src/rp2_common/pico_flash/flash.c.obj
LOAD CMakeFiles/lcd_i2c_project.dir/C_/Users/thanh/pico/pico-sdk/src/rp2_common/hardware_xosc/xosc.c.obj
LOAD CMakeFiles/lcd_i2c_project.dir/C_/Users/thanh/pico/pico-sdk/src/rp2_common/hardware_divider/divider.S.obj
LOAD CMakeFiles/lcd_i2c_project.dir/C_/Users/thanh/pico/pico-sdk/src/rp2_common/pico_runtime/runtime.c.obj
LOAD CMakeFiles/lcd_i2c_project.dir/C_/Users/thanh/pico/pico-sdk/src/rp2_common/pico_runtime_init/runtime_init.c.obj
LOAD CMakeFiles/lcd_i2c_project.dir/C_/Users/thanh/pico/pico-sdk/src/rp2_common/pico_runtime_init/runtime_init_clocks.c.obj
LOAD CMakeFiles/lcd_i2c_project.dir/C_/Users/thanh/pico/pico-sdk/src/rp2_common/pico_runtime_init/runtime_init_stack_guard.c.obj
LOAD CMakeFiles/lcd_i2c_project.dir/C_/Users/thanh/pico/pico-sdk/src/rp2_common/pico_bit_ops/bit_ops_aeabi.S.obj
LOAD CMakeFiles/lcd_i2c_project.dir/C_/Users/thanh/pico/pico-sdk/src/rp2_common/pico_divider/divider_hardware.S.obj
LOAD CMakeFiles/lcd_i2c_project.dir/C_/Users/thanh/pico/pico-sdk/src/rp2_common/pico_double/double_aeabi_rp2040.S.obj
LOAD CMakeFiles/lcd_i2c_project.dir/C_/Users/thanh/pico/pico-sdk/src/rp2_common/pico_double/double_init_rom_rp2040.c.obj
LOAD CMakeFiles/lcd_i2c_project.dir/C_/Users/thanh/pico/pico-sdk/src/rp2_common/pico_double/double_math.c.obj
LOAD CMakeFiles/lcd_i2c_project.dir/C_/Users/thanh/pico/pico-sdk/src/rp2_common/pico_double/double_v1_rom_shim_rp2040.S.obj
LOAD CMakeFiles/lcd_i2c_project.dir/C_/Users/thanh/pico/pico-sdk/src/rp2_common/pico_int64_ops/pico_int64_ops_aeabi.S.obj
LOAD CMakeFiles/lcd_i2c_project.dir/C_/Users/thanh/pico/pico-sdk/src/rp2_common/pico_float/float_aeabi_rp2040.S.obj
LOAD CMakeFiles/lcd_i2c_project.dir/C_/Users/thanh/pico/pico-sdk/src/rp2_common/pico_float/float_init_rom_rp2040.c.obj
LOAD CMakeFiles/lcd_i2c_project.dir/C_/Users/thanh/pico/pico-sdk/src/rp2_common/pico_float/float_math.c.obj
LOAD CMakeFiles/lcd_i2c_project.dir/C_/Users/thanh/pico/pico-sdk/src/rp2_common/pico_float/float_v1_rom_shim_rp2040.S.obj
LOAD CMakeFiles/lcd_i2c_project.dir/C_/Users/thanh/pico/pico-sdk/src/rp2_common/pico_malloc/malloc.c.obj
LOAD CMakeFiles/lcd_i2c_project.dir/C_/Users/thanh/pico/pico-sdk/src/rp2_common/pico_mem_ops/mem_ops_aeabi.S.obj
LOAD CMakeFiles/lcd_i2c_project.dir/C_/Users/thanh/pico/pico-sdk/src/rp2_common/pico_atomic/atomic.c.obj
LOAD CMakeFiles/lcd_i2c_project.dir/C_/Users/thanh/pico/pico-sdk/src/rp2_common/pico_cxx_options/new_delete.cpp.obj
LOAD CMakeFiles/lcd_i2c_project.dir/C_/Users/thanh/pico/pico-sdk/src/rp2_common/pico_standard_binary_info/standard_binary_info.c.obj
LOAD CMakeFiles/lcd_i2c_project.dir/C_/Users/thanh/pico/pico-sdk/src/rp2_common/pico_printf/printf.c.obj
LOAD CMakeFiles/lcd_i2c_project.dir/C_/Users/thanh/pico/pico-sdk/src/rp2_common/pico_crt0/crt0.S.obj
LOAD CMakeFiles/lcd_i2c_project.dir/C_/Users/thanh/pico/pico-sdk/src/rp2_common/pico_clib_interface/newlib_interface.c.obj
LOAD CMakeFiles/lcd_i2c_project.dir/C_/Users/thanh/pico/pico-sdk/src/rp2_common/pico_stdio/stdio.c.obj
LOAD CMakeFiles/lcd_i2c_project.dir/C_/Users/thanh/pico/pico-sdk/src/rp2_common/pico_stdio_uart/stdio_uart.c.obj
LOAD CMakeFiles/lcd_i2c_project.dir/C_/Users/thanh/pico/pico-sdk/src/rp2_common/hardware_i2c/i2c.c.obj
LOAD pico-sdk/src/rp2040/boot_stage2/CMakeFiles/bs2_default_library.dir/./bs2_default_padded_checksummed.S.obj
LOAD c:/progra~2/gnuarm~1/102021~1.10/bin/../lib/gcc/arm-none-eabi/10.3.1/../../../../arm-none-eabi/lib/thumb/v6-m/nofp\libstdc++.a
LOAD c:/progra~2/gnuarm~1/102021~1.10/bin/../lib/gcc/arm-none-eabi/10.3.1/../../../../arm-none-eabi/lib/thumb/v6-m/nofp\libm.a
START GROUP
LOAD c:/progra~2/gnuarm~1/102021~1.10/bin/../lib/gcc/arm-none-eabi/10.3.1/thumb/v6-m/nofp\libgcc.a
LOAD c:/progra~2/gnuarm~1/102021~1.10/bin/../lib/gcc/arm-none-eabi/10.3.1/../../../../arm-none-eabi/lib/thumb/v6-m/nofp\libg.a
LOAD c:/progra~2/gnuarm~1/102021~1.10/bin/../lib/gcc/arm-none-eabi/10.3.1/../../../../arm-none-eabi/lib/thumb/v6-m/nofp\libc.a
END GROUP
START GROUP
LOAD c:/progra~2/gnuarm~1/102021~1.10/bin/../lib/gcc/arm-none-eabi/10.3.1/thumb/v6-m/nofp\libgcc.a
LOAD c:/progra~2/gnuarm~1/102021~1.10/bin/../lib/gcc/arm-none-eabi/10.3.1/../../../../arm-none-eabi/lib/thumb/v6-m/nofp\libc.a
LOAD c:/progra~2/gnuarm~1/102021~1.10/bin/../lib/gcc/arm-none-eabi/10.3.1/../../../../arm-none-eabi/lib/thumb/v6-m/nofp\libnosys.a
END GROUP
LOAD c:/progra~2/gnuarm~1/102021~1.10/bin/../lib/gcc/arm-none-eabi/10.3.1/thumb/v6-m/nofp/crtend.o
LOAD c:/progra~2/gnuarm~1/102021~1.10/bin/../lib/gcc/arm-none-eabi/10.3.1/thumb/v6-m/nofp/crtn.o
OUTPUT(lcd_i2c_project.elf elf32-littlearm)
LOAD linker stubs

.ARM.attributes
                0x00000000       0x28
 .ARM.attributes
                0x00000000       0x1e c:/progra~2/gnuarm~1/102021~1.10/bin/../lib/gcc/arm-none-eabi/10.3.1/thumb/v6-m/nofp/crti.o
 .ARM.attributes
                0x0000001e       0x2c c:/progra~2/gnuarm~1/102021~1.10/bin/../lib/gcc/arm-none-eabi/10.3.1/thumb/v6-m/nofp/crtbegin.o
 .ARM.attributes
                0x0000004a       0x2c CMakeFiles/lcd_i2c_project.dir/main.c.obj
 .ARM.attributes
                0x00000076       0x2c CMakeFiles/lcd_i2c_project.dir/lib/lcd_i2c.c.obj
 .ARM.attributes
                0x000000a2       0x2c CMakeFiles/lcd_i2c_project.dir/C_/Users/thanh/pico/pico-sdk/src/rp2_common/hardware_gpio/gpio.c.obj
 .ARM.attributes
                0x000000ce       0x2c CMakeFiles/lcd_i2c_project.dir/C_/Users/thanh/pico/pico-sdk/src/rp2_common/pico_platform_panic/panic.c.obj
 .ARM.attributes
                0x000000fa       0x2c CMakeFiles/lcd_i2c_project.dir/C_/Users/thanh/pico/pico-sdk/src/common/hardware_claim/claim.c.obj
 .ARM.attributes
                0x00000126       0x2c CMakeFiles/lcd_i2c_project.dir/C_/Users/thanh/pico/pico-sdk/src/rp2_common/hardware_sync/sync.c.obj
 .ARM.attributes
                0x00000152       0x2c CMakeFiles/lcd_i2c_project.dir/C_/Users/thanh/pico/pico-sdk/src/rp2_common/hardware_sync_spin_lock/sync_spin_lock.c.obj
 .ARM.attributes
                0x0000017e       0x2c CMakeFiles/lcd_i2c_project.dir/C_/Users/thanh/pico/pico-sdk/src/rp2_common/hardware_irq/irq.c.obj
 .ARM.attributes
                0x000001aa       0x22 CMakeFiles/lcd_i2c_project.dir/C_/Users/thanh/pico/pico-sdk/src/rp2_common/hardware_irq/irq_handler_chain.S.obj
 .ARM.attributes
                0x000001cc       0x2c CMakeFiles/lcd_i2c_project.dir/C_/Users/thanh/pico/pico-sdk/src/common/pico_sync/lock_core.c.obj
 .ARM.attributes
                0x000001f8       0x2c CMakeFiles/lcd_i2c_project.dir/C_/Users/thanh/pico/pico-sdk/src/common/pico_sync/mutex.c.obj
 .ARM.attributes
                0x00000224       0x2c CMakeFiles/lcd_i2c_project.dir/C_/Users/thanh/pico/pico-sdk/src/common/pico_time/time.c.obj
 .ARM.attributes
                0x00000250       0x2c CMakeFiles/lcd_i2c_project.dir/C_/Users/thanh/pico/pico-sdk/src/rp2_common/hardware_timer/timer.c.obj
 .ARM.attributes
                0x0000027c       0x2c CMakeFiles/lcd_i2c_project.dir/C_/Users/thanh/pico/pico-sdk/src/rp2_common/hardware_uart/uart.c.obj
 .ARM.attributes
                0x000002a8       0x2c CMakeFiles/lcd_i2c_project.dir/C_/Users/thanh/pico/pico-sdk/src/rp2_common/hardware_clocks/clocks.c.obj
 .ARM.attributes
                0x000002d4       0x2c CMakeFiles/lcd_i2c_project.dir/C_/Users/thanh/pico/pico-sdk/src/rp2_common/hardware_pll/pll.c.obj
 .ARM.attributes
                0x00000300       0x2c CMakeFiles/lcd_i2c_project.dir/C_/Users/thanh/pico/pico-sdk/src/rp2_common/hardware_ticks/ticks.c.obj
 .ARM.attributes
                0x0000032c       0x2c CMakeFiles/lcd_i2c_project.dir/C_/Users/thanh/pico/pico-sdk/src/rp2_common/pico_bootrom/bootrom.c.obj
 .ARM.attributes
                0x00000358       0x2c CMakeFiles/lcd_i2c_project.dir/C_/Users/thanh/pico/pico-sdk/src/rp2_common/hardware_xosc/xosc.c.obj
 .ARM.attributes
                0x00000384       0x2c CMakeFiles/lcd_i2c_project.dir/C_/Users/thanh/pico/pico-sdk/src/rp2_common/pico_runtime/runtime.c.obj
 .ARM.attributes
                0x000003b0       0x2c CMakeFiles/lcd_i2c_project.dir/C_/Users/thanh/pico/pico-sdk/src/rp2_common/pico_runtime_init/runtime_init.c.obj
 .ARM.attributes
                0x000003dc       0x2c CMakeFiles/lcd_i2c_project.dir/C_/Users/thanh/pico/pico-sdk/src/rp2_common/pico_runtime_init/runtime_init_clocks.c.obj
 .ARM.attributes
                0x00000408       0x22 CMakeFiles/lcd_i2c_project.dir/C_/Users/thanh/pico/pico-sdk/src/rp2_common/pico_bit_ops/bit_ops_aeabi.S.obj
 .ARM.attributes
                0x0000042a       0x22 CMakeFiles/lcd_i2c_project.dir/C_/Users/thanh/pico/pico-sdk/src/rp2_common/pico_divider/divider_hardware.S.obj
 .ARM.attributes
                0x0000044c       0x22 CMakeFiles/lcd_i2c_project.dir/C_/Users/thanh/pico/pico-sdk/src/rp2_common/pico_double/double_aeabi_rp2040.S.obj
 .ARM.attributes
                0x0000046e       0x2c CMakeFiles/lcd_i2c_project.dir/C_/Users/thanh/pico/pico-sdk/src/rp2_common/pico_double/double_init_rom_rp2040.c.obj
 .ARM.attributes
                0x0000049a       0x22 CMakeFiles/lcd_i2c_project.dir/C_/Users/thanh/pico/pico-sdk/src/rp2_common/pico_double/double_v1_rom_shim_rp2040.S.obj
 .ARM.attributes
                0x000004bc       0x22 CMakeFiles/lcd_i2c_project.dir/C_/Users/thanh/pico/pico-sdk/src/rp2_common/pico_int64_ops/pico_int64_ops_aeabi.S.obj
 .ARM.attributes
                0x000004de       0x22 CMakeFiles/lcd_i2c_project.dir/C_/Users/thanh/pico/pico-sdk/src/rp2_common/pico_float/float_aeabi_rp2040.S.obj
 .ARM.attributes
                0x00000500       0x2c CMakeFiles/lcd_i2c_project.dir/C_/Users/thanh/pico/pico-sdk/src/rp2_common/pico_float/float_init_rom_rp2040.c.obj
 .ARM.attributes
                0x0000052c       0x22 CMakeFiles/lcd_i2c_project.dir/C_/Users/thanh/pico/pico-sdk/src/rp2_common/pico_float/float_v1_rom_shim_rp2040.S.obj
 .ARM.attributes
                0x0000054e       0x22 CMakeFiles/lcd_i2c_project.dir/C_/Users/thanh/pico/pico-sdk/src/rp2_common/pico_mem_ops/mem_ops_aeabi.S.obj
 .ARM.attributes
                0x00000570       0x2c CMakeFiles/lcd_i2c_project.dir/C_/Users/thanh/pico/pico-sdk/src/rp2_common/pico_standard_binary_info/standard_binary_info.c.obj
 .ARM.attributes
                0x0000059c       0x2c CMakeFiles/lcd_i2c_project.dir/C_/Users/thanh/pico/pico-sdk/src/rp2_common/pico_printf/printf.c.obj
 .ARM.attributes
                0x000005c8       0x22 CMakeFiles/lcd_i2c_project.dir/C_/Users/thanh/pico/pico-sdk/src/rp2_common/pico_crt0/crt0.S.obj
 .ARM.attributes
                0x000005ea       0x2c CMakeFiles/lcd_i2c_project.dir/C_/Users/thanh/pico/pico-sdk/src/rp2_common/pico_clib_interface/newlib_interface.c.obj
 .ARM.attributes
                0x00000616       0x2c CMakeFiles/lcd_i2c_project.dir/C_/Users/thanh/pico/pico-sdk/src/rp2_common/pico_stdio/stdio.c.obj
 .ARM.attributes
                0x00000642       0x2c CMakeFiles/lcd_i2c_project.dir/C_/Users/thanh/pico/pico-sdk/src/rp2_common/pico_stdio_uart/stdio_uart.c.obj
 .ARM.attributes
                0x0000066e       0x2c CMakeFiles/lcd_i2c_project.dir/C_/Users/thanh/pico/pico-sdk/src/rp2_common/hardware_i2c/i2c.c.obj
 .ARM.attributes
                0x0000069a       0x22 pico-sdk/src/rp2040/boot_stage2/CMakeFiles/bs2_default_library.dir/./bs2_default_padded_checksummed.S.obj
 .ARM.attributes
                0x000006bc       0x1e c:/progra~2/gnuarm~1/102021~1.10/bin/../lib/gcc/arm-none-eabi/10.3.1/thumb/v6-m/nofp\libgcc.a(_dvmd_tls.o)
 .ARM.attributes
                0x000006da       0x2c c:/progra~2/gnuarm~1/102021~1.10/bin/../lib/gcc/arm-none-eabi/10.3.1/../../../../arm-none-eabi/lib/thumb/v6-m/nofp\libg.a(lib_a-strlen-stub.o)

.comment        0x00000000       0x49
 .comment       0x00000000       0x49 CMakeFiles/lcd_i2c_project.dir/main.c.obj
                                 0x4a (size before relaxing)
 .comment       0x00000049       0x4a CMakeFiles/lcd_i2c_project.dir/lib/lcd_i2c.c.obj
 .comment       0x00000049       0x4a CMakeFiles/lcd_i2c_project.dir/C_/Users/thanh/pico/pico-sdk/src/rp2_common/hardware_gpio/gpio.c.obj
 .comment       0x00000049       0x4a CMakeFiles/lcd_i2c_project.dir/C_/Users/thanh/pico/pico-sdk/src/rp2_common/pico_platform_panic/panic.c.obj
 .comment       0x00000049       0x4a CMakeFiles/lcd_i2c_project.dir/C_/Users/thanh/pico/pico-sdk/src/common/hardware_claim/claim.c.obj
 .comment       0x00000049       0x4a CMakeFiles/lcd_i2c_project.dir/C_/Users/thanh/pico/pico-sdk/src/rp2_common/hardware_sync/sync.c.obj
 .comment       0x00000049       0x4a CMakeFiles/lcd_i2c_project.dir/C_/Users/thanh/pico/pico-sdk/src/rp2_common/hardware_sync_spin_lock/sync_spin_lock.c.obj
 .comment       0x00000049       0x4a CMakeFiles/lcd_i2c_project.dir/C_/Users/thanh/pico/pico-sdk/src/rp2_common/hardware_irq/irq.c.obj
 .comment       0x00000049       0x4a CMakeFiles/lcd_i2c_project.dir/C_/Users/thanh/pico/pico-sdk/src/common/pico_sync/lock_core.c.obj
 .comment       0x00000049       0x4a CMakeFiles/lcd_i2c_project.dir/C_/Users/thanh/pico/pico-sdk/src/common/pico_sync/mutex.c.obj
 .comment       0x00000049       0x4a CMakeFiles/lcd_i2c_project.dir/C_/Users/thanh/pico/pico-sdk/src/common/pico_time/time.c.obj
 .comment       0x00000049       0x4a CMakeFiles/lcd_i2c_project.dir/C_/Users/thanh/pico/pico-sdk/src/rp2_common/hardware_timer/timer.c.obj
 .comment       0x00000049       0x4a CMakeFiles/lcd_i2c_project.dir/C_/Users/thanh/pico/pico-sdk/src/rp2_common/hardware_uart/uart.c.obj
 .comment       0x00000049       0x4a CMakeFiles/lcd_i2c_project.dir/C_/Users/thanh/pico/pico-sdk/src/rp2_common/hardware_clocks/clocks.c.obj
 .comment       0x00000049       0x4a CMakeFiles/lcd_i2c_project.dir/C_/Users/thanh/pico/pico-sdk/src/rp2_common/hardware_pll/pll.c.obj
 .comment       0x00000049       0x4a CMakeFiles/lcd_i2c_project.dir/C_/Users/thanh/pico/pico-sdk/src/rp2_common/hardware_ticks/ticks.c.obj
 .comment       0x00000049       0x4a CMakeFiles/lcd_i2c_project.dir/C_/Users/thanh/pico/pico-sdk/src/rp2_common/pico_bootrom/bootrom.c.obj
 .comment       0x00000049       0x4a CMakeFiles/lcd_i2c_project.dir/C_/Users/thanh/pico/pico-sdk/src/rp2_common/hardware_xosc/xosc.c.obj
 .comment       0x00000049       0x4a CMakeFiles/lcd_i2c_project.dir/C_/Users/thanh/pico/pico-sdk/src/rp2_common/pico_runtime/runtime.c.obj
 .comment       0x00000049       0x4a CMakeFiles/lcd_i2c_project.dir/C_/Users/thanh/pico/pico-sdk/src/rp2_common/pico_runtime_init/runtime_init.c.obj
 .comment       0x00000049       0x4a CMakeFiles/lcd_i2c_project.dir/C_/Users/thanh/pico/pico-sdk/src/rp2_common/pico_runtime_init/runtime_init_clocks.c.obj
 .comment       0x00000049       0x4a CMakeFiles/lcd_i2c_project.dir/C_/Users/thanh/pico/pico-sdk/src/rp2_common/pico_double/double_init_rom_rp2040.c.obj
 .comment       0x00000049       0x4a CMakeFiles/lcd_i2c_project.dir/C_/Users/thanh/pico/pico-sdk/src/rp2_common/pico_float/float_init_rom_rp2040.c.obj
 .comment       0x00000049       0x4a CMakeFiles/lcd_i2c_project.dir/C_/Users/thanh/pico/pico-sdk/src/rp2_common/pico_standard_binary_info/standard_binary_info.c.obj
 .comment       0x00000049       0x4a CMakeFiles/lcd_i2c_project.dir/C_/Users/thanh/pico/pico-sdk/src/rp2_common/pico_printf/printf.c.obj
 .comment       0x00000049       0x4a CMakeFiles/lcd_i2c_project.dir/C_/Users/thanh/pico/pico-sdk/src/rp2_common/pico_clib_interface/newlib_interface.c.obj
 .comment       0x00000049       0x4a CMakeFiles/lcd_i2c_project.dir/C_/Users/thanh/pico/pico-sdk/src/rp2_common/pico_stdio/stdio.c.obj
 .comment       0x00000049       0x4a CMakeFiles/lcd_i2c_project.dir/C_/Users/thanh/pico/pico-sdk/src/rp2_common/pico_stdio_uart/stdio_uart.c.obj
 .comment       0x00000049       0x4a CMakeFiles/lcd_i2c_project.dir/C_/Users/thanh/pico/pico-sdk/src/rp2_common/hardware_i2c/i2c.c.obj

.debug_info     0x00000000    0x19b1a
 .debug_info    0x00000000     0x1776 CMakeFiles/lcd_i2c_project.dir/main.c.obj
 .debug_info    0x00001776      0x93c CMakeFiles/lcd_i2c_project.dir/lib/lcd_i2c.c.obj
 .debug_info    0x000020b2     0x1d78 CMakeFiles/lcd_i2c_project.dir/C_/Users/thanh/pico/pico-sdk/src/rp2_common/hardware_gpio/gpio.c.obj
 .debug_info    0x00003e2a      0x19c CMakeFiles/lcd_i2c_project.dir/C_/Users/thanh/pico/pico-sdk/src/rp2_common/pico_platform_panic/panic.c.obj